Component: ARM Compiler 6.16 Tool: armlink [5dfeaa00]

==============================================================================

Section Cross References

    main.o(.text.main) refers to main.o(.text.init) for init
    main.o(.text.main) refers to systick.o(.text.sysTickTimer) for sysTickTimer
    main.o(.text.main) refers to main.o(.bss.slave_add) for slave_add
    main.o(.text.main) refers to main.o(.data.response_flag) for response_flag
    main.o(.text.main) refers to main.o(.bss.pkt1) for pkt1
    main.o(.text.main) refers to rt_memcpy_v6.o(.text) for __aeabi_memcpy
    main.o(.text.main) refers to modbus.o(.text.read_holding_register) for read_holding_register
    main.o(.text.main) refers to systick.o(.text.ms_delay) for ms_delay
    main.o(.ARM.exidx.text.main) refers to main.o(.text.main) for [Anonymous Symbol]
    main.o(.text.init) refers to uart.o(.text.uart2_tx_rx_init) for uart2_tx_rx_init
    main.o(.text.init) refers to uart.o(.text.uart6_tx_rx_init) for uart6_tx_rx_init
    main.o(.text.init) refers to uart.o(.text.uart6_rxne_interrupt_disable) for uart6_rxne_interrupt_disable
    main.o(.text.init) refers to rs485_config.o(.text.rs485_init) for rs485_init
    main.o(.ARM.exidx.text.init) refers to main.o(.text.init) for [Anonymous Symbol]
    main.o(.text.uart6_rx_callback) refers to main.o(.bss.rx_tmp) for rx_tmp
    main.o(.text.uart6_rx_callback) refers to main.o(.bss.pkt2_cnt) for pkt2_cnt
    main.o(.text.uart6_rx_callback) refers to main.o(.data.pkt2_ptr) for pkt2_ptr
    main.o(.text.uart6_rx_callback) refers to main.o(.bss.pkt2) for pkt2
    main.o(.text.uart6_rx_callback) refers to main.o(.rodata.str1.1) for .L.str
    main.o(.text.uart6_rx_callback) refers to uart.o(.text.uart2_write_str) for uart2_write_str
    main.o(.text.uart6_rx_callback) refers to uart.o(.text.uart2_write_int) for uart2_write_int
    main.o(.text.uart6_rx_callback) refers to main.o(.data.response_flag) for response_flag
    main.o(.ARM.exidx.text.uart6_rx_callback) refers to main.o(.text.uart6_rx_callback) for [Anonymous Symbol]
    main.o(.text.read_cmd) refers to main.o(.text.read_str) for read_str
    main.o(.text.read_cmd) refers to main.o(.bss.dest) for dest
    main.o(.text.read_cmd) refers to main.o(.bss.dr) for dr
    main.o(.text.read_cmd) refers to main.o(.bss.fc) for fc
    main.o(.ARM.exidx.text.read_cmd) refers to main.o(.text.read_cmd) for [Anonymous Symbol]
    main.o(.text.read_str) refers to main.o(.rodata.str1.1) for .L.str.4
    main.o(.text.read_str) refers to uart.o(.text.uart2_read) for uart2_read
    main.o(.text.read_str) refers to main.o(.bss.dr) for dr
    main.o(.ARM.exidx.text.read_str) refers to main.o(.text.read_str) for [Anonymous Symbol]
    main.o(.ARM.exidx.text.clear_rdr) refers to main.o(.text.clear_rdr) for [Anonymous Symbol]
    main.o(.data.pkt2_ptr) refers to main.o(.bss.pkt2) for [Anonymous Symbol]
    uart.o(.text.uart2_tx_rx_init) refers to uart.o(.text.__NVIC_EnableIRQ) for __NVIC_EnableIRQ
    uart.o(.ARM.exidx.text.uart2_tx_rx_init) refers to uart.o(.text.uart2_tx_rx_init) for [Anonymous Symbol]
    uart.o(.ARM.exidx.text.__NVIC_EnableIRQ) refers to uart.o(.text.__NVIC_EnableIRQ) for [Anonymous Symbol]
    uart.o(.text.uart6_tx_rx_init) refers to uart.o(.text.__NVIC_EnableIRQ) for __NVIC_EnableIRQ
    uart.o(.ARM.exidx.text.uart6_tx_rx_init) refers to uart.o(.text.uart6_tx_rx_init) for [Anonymous Symbol]
    uart.o(.text.USART6_IRQHandler) refers to uart.o(.rodata.str1.1) for .L.str
    uart.o(.text.USART6_IRQHandler) refers to uart.o(.text.uart2_write_str) for uart2_write_str
    uart.o(.text.USART6_IRQHandler) refers to main.o(.text.uart6_rx_callback) for uart6_rx_callback
    uart.o(.ARM.exidx.text.USART6_IRQHandler) refers to uart.o(.text.USART6_IRQHandler) for [Anonymous Symbol]
    uart.o(.text.uart2_write_str) refers to uart.o(.text.uart2_write) for uart2_write
    uart.o(.ARM.exidx.text.uart2_write_str) refers to uart.o(.text.uart2_write_str) for [Anonymous Symbol]
    uart.o(.ARM.exidx.text.uart2_write) refers to uart.o(.text.uart2_write) for [Anonymous Symbol]
    uart.o(.ARM.exidx.text.uart2_read) refers to uart.o(.text.uart2_read) for [Anonymous Symbol]
    uart.o(.text.uart2_write_int) refers to uart.o(.text.uart2_write) for uart2_write
    uart.o(.ARM.exidx.text.uart2_write_int) refers to uart.o(.text.uart2_write_int) for [Anonymous Symbol]
    uart.o(.ARM.exidx.text.uart6_write) refers to uart.o(.text.uart6_write) for [Anonymous Symbol]
    uart.o(.ARM.exidx.text.uart6_read) refers to uart.o(.text.uart6_read) for [Anonymous Symbol]
    uart.o(.ARM.exidx.text.uart2_txe_rxne_interrupt_enable) refers to uart.o(.text.uart2_txe_rxne_interrupt_enable) for [Anonymous Symbol]
    uart.o(.ARM.exidx.text.uart2_txe_interrupt_enable) refers to uart.o(.text.uart2_txe_interrupt_enable) for [Anonymous Symbol]
    uart.o(.ARM.exidx.text.uart2_txe_interrupt_disable) refers to uart.o(.text.uart2_txe_interrupt_disable) for [Anonymous Symbol]
    uart.o(.ARM.exidx.text.uart2_rxne_interrupt_enable) refers to uart.o(.text.uart2_rxne_interrupt_enable) for [Anonymous Symbol]
    uart.o(.ARM.exidx.text.uart2_rxne_interrupt_disable) refers to uart.o(.text.uart2_rxne_interrupt_disable) for [Anonymous Symbol]
    uart.o(.ARM.exidx.text.uart6_txe_rxne_interrupt_enable) refers to uart.o(.text.uart6_txe_rxne_interrupt_enable) for [Anonymous Symbol]
    uart.o(.ARM.exidx.text.uart6_txe_interrupt_enable) refers to uart.o(.text.uart6_txe_interrupt_enable) for [Anonymous Symbol]
    uart.o(.ARM.exidx.text.uart6_txe_interrupt_disable) refers to uart.o(.text.uart6_txe_interrupt_disable) for [Anonymous Symbol]
    uart.o(.ARM.exidx.text.uart6_rxne_interrupt_enable) refers to uart.o(.text.uart6_rxne_interrupt_enable) for [Anonymous Symbol]
    uart.o(.ARM.exidx.text.uart6_rxne_interrupt_disable) refers to uart.o(.text.uart6_rxne_interrupt_disable) for [Anonymous Symbol]
    systick.o(.text.sysTickTimer) refers to systick.o(.bss.m_ticks) for m_ticks
    systick.o(.text.sysTickTimer) refers to systick.o(.bss.delay_millis) for delay_millis
    systick.o(.text.sysTickTimer) refers to systick.o(.text.__NVIC_SetPriority) for __NVIC_SetPriority
    systick.o(.ARM.exidx.text.sysTickTimer) refers to systick.o(.text.sysTickTimer) for [Anonymous Symbol]
    systick.o(.ARM.exidx.text.__NVIC_SetPriority) refers to systick.o(.text.__NVIC_SetPriority) for [Anonymous Symbol]
    systick.o(.text.SysTick_Handler) refers to systick.o(.bss.m_ticks) for m_ticks
    systick.o(.ARM.exidx.text.SysTick_Handler) refers to systick.o(.text.SysTick_Handler) for [Anonymous Symbol]
    systick.o(.text.sysTickDisable) refers to systick.o(.text.__NVIC_ClearPendingIRQ) for __NVIC_ClearPendingIRQ
    systick.o(.ARM.exidx.text.sysTickDisable) refers to systick.o(.text.sysTickDisable) for [Anonymous Symbol]
    systick.o(.ARM.exidx.text.__NVIC_ClearPendingIRQ) refers to systick.o(.text.__NVIC_ClearPendingIRQ) for [Anonymous Symbol]
    systick.o(.text.ms_delay) refers to systick.o(.bss.m_ticks) for m_ticks
    systick.o(.ARM.exidx.text.ms_delay) refers to systick.o(.text.ms_delay) for [Anonymous Symbol]
    crc.o(.text.CRC16) refers to crc.o(.rodata.wCRCTable) for wCRCTable
    crc.o(.ARM.exidx.text.CRC16) refers to crc.o(.text.CRC16) for [Anonymous Symbol]
    modbus.o(.text.send_pkt) refers to rs485_config.o(.text.rs485_tx_enable) for rs485_tx_enable
    modbus.o(.text.send_pkt) refers to uart.o(.text.uart6_write) for uart6_write
    modbus.o(.text.send_pkt) refers to rs485_config.o(.text.rs485_tx_disable) for rs485_tx_disable
    modbus.o(.text.send_pkt) refers to uart.o(.text.uart6_rxne_interrupt_enable) for uart6_rxne_interrupt_enable
    modbus.o(.ARM.exidx.text.send_pkt) refers to modbus.o(.text.send_pkt) for [Anonymous Symbol]
    modbus.o(.text.read_holding_register) refers to crc.o(.text.CRC16) for CRC16
    modbus.o(.text.read_holding_register) refers to modbus.o(.text.send_pkt) for send_pkt
    modbus.o(.ARM.exidx.text.read_holding_register) refers to modbus.o(.text.read_holding_register) for [Anonymous Symbol]
    modbus.o(.text.read_input_register) refers to crc.o(.text.CRC16) for CRC16
    modbus.o(.text.read_input_register) refers to modbus.o(.text.send_pkt) for send_pkt
    modbus.o(.ARM.exidx.text.read_input_register) refers to modbus.o(.text.read_input_register) for [Anonymous Symbol]
    modbus.o(.text.read_coil) refers to crc.o(.text.CRC16) for CRC16
    modbus.o(.text.read_coil) refers to modbus.o(.text.send_pkt) for send_pkt
    modbus.o(.ARM.exidx.text.read_coil) refers to modbus.o(.text.read_coil) for [Anonymous Symbol]
    modbus.o(.text.read_discrete_inputs) refers to crc.o(.text.CRC16) for CRC16
    modbus.o(.text.read_discrete_inputs) refers to modbus.o(.text.send_pkt) for send_pkt
    modbus.o(.ARM.exidx.text.read_discrete_inputs) refers to modbus.o(.text.read_discrete_inputs) for [Anonymous Symbol]
    modbus.o(.text.write_single_coil) refers to crc.o(.text.CRC16) for CRC16
    modbus.o(.text.write_single_coil) refers to modbus.o(.text.send_pkt) for send_pkt
    modbus.o(.ARM.exidx.text.write_single_coil) refers to modbus.o(.text.write_single_coil) for [Anonymous Symbol]
    modbus.o(.text.write_single_register) refers to crc.o(.text.CRC16) for CRC16
    modbus.o(.text.write_single_register) refers to modbus.o(.text.send_pkt) for send_pkt
    modbus.o(.ARM.exidx.text.write_single_register) refers to modbus.o(.text.write_single_register) for [Anonymous Symbol]
    modbus.o(.text.write_multiple_coils) refers to crc.o(.text.CRC16) for CRC16
    modbus.o(.text.write_multiple_coils) refers to modbus.o(.text.send_pkt) for send_pkt
    modbus.o(.ARM.exidx.text.write_multiple_coils) refers to modbus.o(.text.write_multiple_coils) for [Anonymous Symbol]
    modbus.o(.text.write_multiple_registers) refers to crc.o(.text.CRC16) for CRC16
    modbus.o(.text.write_multiple_registers) refers to modbus.o(.text.send_pkt) for send_pkt
    modbus.o(.ARM.exidx.text.write_multiple_registers) refers to modbus.o(.text.write_multiple_registers) for [Anonymous Symbol]
    rs485_config.o(.ARM.exidx.text.rs485_init) refers to rs485_config.o(.text.rs485_init) for [Anonymous Symbol]
    rs485_config.o(.ARM.exidx.text.rs485_tx_enable) refers to rs485_config.o(.text.rs485_tx_enable) for [Anonymous Symbol]
    rs485_config.o(.ARM.exidx.text.rs485_tx_disable) refers to rs485_config.o(.text.rs485_tx_disable) for [Anonymous Symbol]
    startup_stm32f446xx.o(STACK) refers (Special) to heapauxi.o(.text) for __use_two_region_memory
    startup_stm32f446xx.o(HEAP) refers (Special) to heapauxi.o(.text) for __use_two_region_memory
    startup_stm32f446xx.o(RESET) refers (Special) to heapauxi.o(.text) for __use_two_region_memory
    startup_stm32f446xx.o(RESET) refers to startup_stm32f446xx.o(STACK) for __initial_sp
    startup_stm32f446xx.o(RESET) refers to startup_stm32f446xx.o(.text) for Reset_Handler
    startup_stm32f446xx.o(RESET) refers to systick.o(.text.SysTick_Handler) for SysTick_Handler
    startup_stm32f446xx.o(RESET) refers to uart.o(.text.USART6_IRQHandler) for USART6_IRQHandler
    startup_stm32f446xx.o(.text) refers (Special) to heapauxi.o(.text) for __use_two_region_memory
    startup_stm32f446xx.o(.text) refers to system_stm32f4xx.o(.text.SystemInit) for SystemInit
    startup_stm32f446xx.o(.text) refers to __main.o(!!!main) for __main
    startup_stm32f446xx.o(.text) refers to startup_stm32f446xx.o(HEAP) for Heap_Mem
    startup_stm32f446xx.o(.text) refers to startup_stm32f446xx.o(STACK) for Stack_Mem
    system_stm32f4xx.o(.ARM.exidx.text.SystemInit) refers to system_stm32f4xx.o(.text.SystemInit) for [Anonymous Symbol]
    system_stm32f4xx.o(.text.SystemCoreClockUpdate) refers to system_stm32f4xx.o(.data.SystemCoreClock) for SystemCoreClock
    system_stm32f4xx.o(.text.SystemCoreClockUpdate) refers to system_stm32f4xx.o(.rodata.AHBPrescTable) for AHBPrescTable
    system_stm32f4xx.o(.ARM.exidx.text.SystemCoreClockUpdate) refers to system_stm32f4xx.o(.text.SystemCoreClockUpdate) for [Anonymous Symbol]
    rt_memcpy_v6.o(.text) refers to rt_memcpy_w.o(.text) for __aeabi_memcpy4
    __main.o(!!!main) refers to __rtentry.o(.ARM.Collect$$rtentry$$00000000) for __rt_entry
    __rtentry.o(.ARM.Collect$$rtentry$$00000000) refers (Special) to __rtentry2.o(.ARM.Collect$$rtentry$$0000000A) for __rt_entry_li
    __rtentry.o(.ARM.Collect$$rtentry$$00000000) refers (Special) to __rtentry2.o(.ARM.Collect$$rtentry$$0000000D) for __rt_entry_main
    __rtentry.o(.ARM.Collect$$rtentry$$00000000) refers (Special) to __rtentry2.o(.ARM.Collect$$rtentry$$0000000C) for __rt_entry_postli_1
    __rtentry.o(.ARM.Collect$$rtentry$$00000000) refers (Special) to __rtentry2.o(.ARM.Collect$$rtentry$$00000009) for __rt_entry_postsh_1
    __rtentry.o(.ARM.Collect$$rtentry$$00000000) refers (Special) to __rtentry2.o(.ARM.Collect$$rtentry$$00000002) for __rt_entry_presh_1
    __rtentry.o(.ARM.Collect$$rtentry$$00000000) refers (Special) to __rtentry4.o(.ARM.Collect$$rtentry$$00000004) for __rt_entry_sh
    __rtentry2.o(.ARM.Collect$$rtentry$$00000008) refers to boardinit2.o(.text) for _platform_post_stackheap_init
    __rtentry2.o(.ARM.Collect$$rtentry$$0000000A) refers to libinit.o(.ARM.Collect$$libinit$$00000000) for __rt_lib_init
    __rtentry2.o(.ARM.Collect$$rtentry$$0000000B) refers to boardinit3.o(.text) for _platform_post_lib_init
    __rtentry2.o(.ARM.Collect$$rtentry$$0000000D) refers to main.o(.text.main) for main
    __rtentry2.o(.ARM.Collect$$rtentry$$0000000D) refers to exit.o(.text) for exit
    __rtentry2.o(.ARM.exidx) refers to __rtentry2.o(.ARM.Collect$$rtentry$$00000001) for .ARM.Collect$$rtentry$$00000001
    __rtentry2.o(.ARM.exidx) refers to __rtentry2.o(.ARM.Collect$$rtentry$$00000008) for .ARM.Collect$$rtentry$$00000008
    __rtentry2.o(.ARM.exidx) refers to __rtentry2.o(.ARM.Collect$$rtentry$$0000000A) for .ARM.Collect$$rtentry$$0000000A
    __rtentry2.o(.ARM.exidx) refers to __rtentry2.o(.ARM.Collect$$rtentry$$0000000B) for .ARM.Collect$$rtentry$$0000000B
    __rtentry2.o(.ARM.exidx) refers to __rtentry2.o(.ARM.Collect$$rtentry$$0000000D) for .ARM.Collect$$rtentry$$0000000D
    __rtentry4.o(.ARM.Collect$$rtentry$$00000004) refers to sys_stackheap_outer.o(.text) for __user_setup_stackheap
    __rtentry4.o(.ARM.exidx) refers to __rtentry4.o(.ARM.Collect$$rtentry$$00000004) for .ARM.Collect$$rtentry$$00000004
    sys_stackheap_outer.o(.text) refers to libspace.o(.text) for __user_perproc_libspace
    sys_stackheap_outer.o(.text) refers to startup_stm32f446xx.o(.text) for __user_initial_stackheap
    exit.o(.text) refers to rtexit.o(.ARM.Collect$$rtexit$$00000000) for __rt_exit
    libinit.o(.ARM.Collect$$libinit$$00000000) refers (Special) to libinit2.o(.ARM.Collect$$libinit$$0000002E) for __rt_lib_init_alloca_1
    libinit.o(.ARM.Collect$$libinit$$00000000) refers (Special) to libinit2.o(.ARM.Collect$$libinit$$0000002C) for __rt_lib_init_argv_1
    libinit.o(.ARM.Collect$$libinit$$00000000) refers (Special) to libinit2.o(.ARM.Collect$$libinit$$0000001B) for __rt_lib_init_atexit_1
    libinit.o(.ARM.Collect$$libinit$$00000000) refers (Special) to libinit2.o(.ARM.Collect$$libinit$$00000021) for __rt_lib_init_clock_1
    libinit.o(.ARM.Collect$$libinit$$00000000) refers (Special) to libinit2.o(.ARM.Collect$$libinit$$00000032) for __rt_lib_init_cpp_1
    libinit.o(.ARM.Collect$$libinit$$00000000) refers (Special) to libinit2.o(.ARM.Collect$$libinit$$00000030) for __rt_lib_init_exceptions_1
    libinit.o(.ARM.Collect$$libinit$$00000000) refers (Special) to libinit2.o(.ARM.Collect$$libinit$$00000001) for __rt_lib_init_fp_1
    libinit.o(.ARM.Collect$$libinit$$00000000) refers (Special) to libinit2.o(.ARM.Collect$$libinit$$0000001F) for __rt_lib_init_fp_trap_1
    libinit.o(.ARM.Collect$$libinit$$00000000) refers (Special) to libinit2.o(.ARM.Collect$$libinit$$00000023) for __rt_lib_init_getenv_1
    libinit.o(.ARM.Collect$$libinit$$00000000) refers (Special) to libinit2.o(.ARM.Collect$$libinit$$0000000A) for __rt_lib_init_heap_1
    libinit.o(.ARM.Collect$$libinit$$00000000) refers (Special) to libinit2.o(.ARM.Collect$$libinit$$00000011) for __rt_lib_init_lc_collate_1
    libinit.o(.ARM.Collect$$libinit$$00000000) refers (Special) to libinit2.o(.ARM.Collect$$libinit$$00000013) for __rt_lib_init_lc_ctype_1
    libinit.o(.ARM.Collect$$libinit$$00000000) refers (Special) to libinit2.o(.ARM.Collect$$libinit$$00000015) for __rt_lib_init_lc_monetary_1
    libinit.o(.ARM.Collect$$libinit$$00000000) refers (Special) to libinit2.o(.ARM.Collect$$libinit$$00000017) for __rt_lib_init_lc_numeric_1
    libinit.o(.ARM.Collect$$libinit$$00000000) refers (Special) to libinit2.o(.ARM.Collect$$libinit$$00000019) for __rt_lib_init_lc_time_1
    libinit.o(.ARM.Collect$$libinit$$00000000) refers (Special) to libinit2.o(.ARM.Collect$$libinit$$00000004) for __rt_lib_init_preinit_1
    libinit.o(.ARM.Collect$$libinit$$00000000) refers (Special) to libinit2.o(.ARM.Collect$$libinit$$0000000E) for __rt_lib_init_rand_1
    libinit.o(.ARM.Collect$$libinit$$00000000) refers (Special) to libinit2.o(.ARM.Collect$$libinit$$00000033) for __rt_lib_init_return
    libinit.o(.ARM.Collect$$libinit$$00000000) refers (Special) to libinit2.o(.ARM.Collect$$libinit$$0000001D) for __rt_lib_init_signal_1
    libinit.o(.ARM.Collect$$libinit$$00000000) refers (Special) to libinit2.o(.ARM.Collect$$libinit$$00000025) for __rt_lib_init_stdio_1
    libinit.o(.ARM.Collect$$libinit$$00000000) refers (Special) to libinit2.o(.ARM.Collect$$libinit$$0000000C) for __rt_lib_init_user_alloc_1
    libspace.o(.text) refers to libspace.o(.bss) for __libspace_start
    rtexit.o(.ARM.Collect$$rtexit$$00000000) refers (Special) to rtexit2.o(.ARM.Collect$$rtexit$$00000004) for __rt_exit_exit
    rtexit.o(.ARM.Collect$$rtexit$$00000000) refers (Special) to rtexit2.o(.ARM.Collect$$rtexit$$00000003) for __rt_exit_ls
    rtexit.o(.ARM.Collect$$rtexit$$00000000) refers (Special) to rtexit2.o(.ARM.Collect$$rtexit$$00000002) for __rt_exit_prels_1
    rtexit.o(.ARM.exidx) refers (Special) to rtexit2.o(.ARM.Collect$$rtexit$$00000004) for __rt_exit_exit
    rtexit.o(.ARM.exidx) refers (Special) to rtexit2.o(.ARM.Collect$$rtexit$$00000003) for __rt_exit_ls
    rtexit.o(.ARM.exidx) refers (Special) to rtexit2.o(.ARM.Collect$$rtexit$$00000002) for __rt_exit_prels_1
    rtexit.o(.ARM.exidx) refers to rtexit.o(.ARM.Collect$$rtexit$$00000000) for .ARM.Collect$$rtexit$$00000000
    libinit2.o(.ARM.Collect$$libinit$$00000001) refers to fpinit.o(x$fpl$fpinit) for _fp_init
    libinit2.o(.ARM.Collect$$libinit$$00000010) refers to libinit2.o(.ARM.Collect$$libinit$$0000000F) for .ARM.Collect$$libinit$$0000000F
    libinit2.o(.ARM.Collect$$libinit$$00000012) refers to libinit2.o(.ARM.Collect$$libinit$$0000000F) for .ARM.Collect$$libinit$$0000000F
    libinit2.o(.ARM.Collect$$libinit$$00000014) refers to libinit2.o(.ARM.Collect$$libinit$$0000000F) for .ARM.Collect$$libinit$$0000000F
    libinit2.o(.ARM.Collect$$libinit$$00000016) refers to libinit2.o(.ARM.Collect$$libinit$$0000000F) for .ARM.Collect$$libinit$$0000000F
    libinit2.o(.ARM.Collect$$libinit$$00000018) refers to libinit2.o(.ARM.Collect$$libinit$$0000000F) for .ARM.Collect$$libinit$$0000000F
    libinit2.o(.ARM.Collect$$libinit$$00000026) refers to argv_veneer.o(.emb_text) for __ARM_argv_veneer
    libinit2.o(.ARM.Collect$$libinit$$00000027) refers to argv_veneer.o(.emb_text) for __ARM_argv_veneer
    rtexit2.o(.ARM.Collect$$rtexit$$00000003) refers to libshutdown.o(.ARM.Collect$$libshutdown$$00000000) for __rt_lib_shutdown
    rtexit2.o(.ARM.Collect$$rtexit$$00000004) refers to sys_exit.o(.text) for _sys_exit
    rtexit2.o(.ARM.exidx) refers to rtexit2.o(.ARM.Collect$$rtexit$$00000001) for .ARM.Collect$$rtexit$$00000001
    rtexit2.o(.ARM.exidx) refers to rtexit2.o(.ARM.Collect$$rtexit$$00000003) for .ARM.Collect$$rtexit$$00000003
    rtexit2.o(.ARM.exidx) refers to rtexit2.o(.ARM.Collect$$rtexit$$00000004) for .ARM.Collect$$rtexit$$00000004
    argv_veneer.o(.emb_text) refers to no_argv.o(.text) for __ARM_get_argv
    sys_exit.o(.text) refers (Special) to use_no_semi.o(.text) for __I$use$semihosting
    sys_exit.o(.text) refers (Special) to indicate_semi.o(.text) for __semihosting_library_function
    sys_exit_hlt.o(.text) refers (Special) to use_no_semi.o(.text) for __I$use$semihosting
    sys_exit_hlt.o(.text) refers (Special) to indicate_semi.o(.text) for __semihosting_library_function
    _get_argv_nomalloc.o(.text) refers (Special) to hrguard.o(.text) for __heap_region$guard
    _get_argv_nomalloc.o(.text) refers to defsig_rtmem_outer.o(.text) for __rt_SIGRTMEM
    _get_argv_nomalloc.o(.text) refers to sys_command.o(.text) for _sys_command_string
    libshutdown.o(.ARM.Collect$$libshutdown$$00000000) refers (Special) to libshutdown2.o(.ARM.Collect$$libshutdown$$00000002) for __rt_lib_shutdown_cpp_1
    libshutdown.o(.ARM.Collect$$libshutdown$$00000000) refers (Special) to libshutdown2.o(.ARM.Collect$$libshutdown$$00000007) for __rt_lib_shutdown_fp_trap_1
    libshutdown.o(.ARM.Collect$$libshutdown$$00000000) refers (Special) to libshutdown2.o(.ARM.Collect$$libshutdown$$0000000F) for __rt_lib_shutdown_heap_1
    libshutdown.o(.ARM.Collect$$libshutdown$$00000000) refers (Special) to libshutdown2.o(.ARM.Collect$$libshutdown$$00000010) for __rt_lib_shutdown_return
    libshutdown.o(.ARM.Collect$$libshutdown$$00000000) refers (Special) to libshutdown2.o(.ARM.Collect$$libshutdown$$0000000A) for __rt_lib_shutdown_signal_1
    libshutdown.o(.ARM.Collect$$libshutdown$$00000000) refers (Special) to libshutdown2.o(.ARM.Collect$$libshutdown$$00000004) for __rt_lib_shutdown_stdio_1
    libshutdown.o(.ARM.Collect$$libshutdown$$00000000) refers (Special) to libshutdown2.o(.ARM.Collect$$libshutdown$$0000000C) for __rt_lib_shutdown_user_alloc_1
    sys_command.o(.text) refers (Special) to use_no_semi.o(.text) for __I$use$semihosting
    sys_command.o(.text) refers (Special) to indicate_semi.o(.text) for __semihosting_library_function
    sys_command_hlt.o(.text) refers (Special) to use_no_semi.o(.text) for __I$use$semihosting
    sys_command_hlt.o(.text) refers (Special) to indicate_semi.o(.text) for __semihosting_library_function
    defsig_rtmem_outer.o(.text) refers to defsig_rtmem_inner.o(.text) for __rt_SIGRTMEM_inner
    defsig_rtmem_outer.o(.text) refers to defsig_exit.o(.text) for __sig_exit
    defsig_rtmem_formal.o(.text) refers to rt_raise.o(.text) for __rt_raise
    rt_raise.o(.text) refers to __raise.o(.text) for __raise
    rt_raise.o(.text) refers to sys_exit.o(.text) for _sys_exit
    defsig_exit.o(.text) refers to sys_exit.o(.text) for _sys_exit
    defsig_rtmem_inner.o(.text) refers to defsig_general.o(.text) for __default_signal_display
    __raise.o(.text) refers to defsig.o(CL$$defsig) for __default_signal_handler
    defsig_general.o(.text) refers to sys_wrch.o(.text) for _ttywrch
    sys_wrch.o(.text) refers (Special) to use_no_semi.o(.text) for __I$use$semihosting
    sys_wrch.o(.text) refers (Special) to indicate_semi.o(.text) for __semihosting_library_function
    sys_wrch_hlt.o(.text) refers (Special) to use_no_semi.o(.text) for __I$use$semihosting
    sys_wrch_hlt.o(.text) refers (Special) to indicate_semi.o(.text) for __semihosting_library_function
    defsig.o(CL$$defsig) refers to defsig_rtmem_inner.o(.text) for __rt_SIGRTMEM_inner
    defsig_abrt_inner.o(.text) refers to defsig_general.o(.text) for __default_signal_display
    defsig_fpe_inner.o(.text) refers to defsig_general.o(.text) for __default_signal_display
    defsig_rtred_inner.o(.text) refers to defsig_general.o(.text) for __default_signal_display
    defsig_stak_inner.o(.text) refers to defsig_general.o(.text) for __default_signal_display
    defsig_pvfn_inner.o(.text) refers to defsig_general.o(.text) for __default_signal_display
    defsig_cppl_inner.o(.text) refers to defsig_general.o(.text) for __default_signal_display
    defsig_segv_inner.o(.text) refers to defsig_general.o(.text) for __default_signal_display
    defsig_other.o(.text) refers to defsig_general.o(.text) for __default_signal_display


==============================================================================

Removing Unused input sections from the image.

    Removing main.o(.text), (0 bytes).
    Removing main.o(.ARM.exidx.text.main), (8 bytes).
    Removing main.o(.ARM.exidx.text.init), (8 bytes).
    Removing main.o(.ARM.exidx.text.uart6_rx_callback), (8 bytes).
    Removing main.o(.text.read_cmd), (430 bytes).
    Removing main.o(.ARM.exidx.text.read_cmd), (8 bytes).
    Removing main.o(.text.read_str), (150 bytes).
    Removing main.o(.ARM.exidx.text.read_str), (8 bytes).
    Removing main.o(.text.clear_rdr), (58 bytes).
    Removing main.o(.ARM.exidx.text.clear_rdr), (8 bytes).
    Removing main.o(.bss.dest), (1 bytes).
    Removing main.o(.bss.dr), (15 bytes).
    Removing main.o(.bss.fc), (1 bytes).
    Removing main.o(.ARM.use_no_argv), (4 bytes).
    Removing uart.o(.text), (0 bytes).
    Removing uart.o(.ARM.exidx.text.uart2_tx_rx_init), (8 bytes).
    Removing uart.o(.ARM.exidx.text.__NVIC_EnableIRQ), (8 bytes).
    Removing uart.o(.ARM.exidx.text.uart6_tx_rx_init), (8 bytes).
    Removing uart.o(.ARM.exidx.text.USART6_IRQHandler), (8 bytes).
    Removing uart.o(.ARM.exidx.text.uart2_write_str), (8 bytes).
    Removing uart.o(.ARM.exidx.text.uart2_write), (8 bytes).
    Removing uart.o(.text.uart2_read), (36 bytes).
    Removing uart.o(.ARM.exidx.text.uart2_read), (8 bytes).
    Removing uart.o(.ARM.exidx.text.uart2_write_int), (8 bytes).
    Removing uart.o(.ARM.exidx.text.uart6_write), (8 bytes).
    Removing uart.o(.text.uart6_read), (36 bytes).
    Removing uart.o(.ARM.exidx.text.uart6_read), (8 bytes).
    Removing uart.o(.text.uart2_txe_rxne_interrupt_enable), (18 bytes).
    Removing uart.o(.ARM.exidx.text.uart2_txe_rxne_interrupt_enable), (8 bytes).
    Removing uart.o(.text.uart2_txe_interrupt_enable), (18 bytes).
    Removing uart.o(.ARM.exidx.text.uart2_txe_interrupt_enable), (8 bytes).
    Removing uart.o(.text.uart2_txe_interrupt_disable), (18 bytes).
    Removing uart.o(.ARM.exidx.text.uart2_txe_interrupt_disable), (8 bytes).
    Removing uart.o(.text.uart2_rxne_interrupt_enable), (18 bytes).
    Removing uart.o(.ARM.exidx.text.uart2_rxne_interrupt_enable), (8 bytes).
    Removing uart.o(.text.uart2_rxne_interrupt_disable), (18 bytes).
    Removing uart.o(.ARM.exidx.text.uart2_rxne_interrupt_disable), (8 bytes).
    Removing uart.o(.text.uart6_txe_rxne_interrupt_enable), (18 bytes).
    Removing uart.o(.ARM.exidx.text.uart6_txe_rxne_interrupt_enable), (8 bytes).
    Removing uart.o(.text.uart6_txe_interrupt_enable), (18 bytes).
    Removing uart.o(.ARM.exidx.text.uart6_txe_interrupt_enable), (8 bytes).
    Removing uart.o(.text.uart6_txe_interrupt_disable), (18 bytes).
    Removing uart.o(.ARM.exidx.text.uart6_txe_interrupt_disable), (8 bytes).
    Removing uart.o(.ARM.exidx.text.uart6_rxne_interrupt_enable), (8 bytes).
    Removing uart.o(.ARM.exidx.text.uart6_rxne_interrupt_disable), (8 bytes).
    Removing systick.o(.text), (0 bytes).
    Removing systick.o(.ARM.exidx.text.sysTickTimer), (8 bytes).
    Removing systick.o(.ARM.exidx.text.__NVIC_SetPriority), (8 bytes).
    Removing systick.o(.ARM.exidx.text.SysTick_Handler), (8 bytes).
    Removing systick.o(.text.sysTickDisable), (24 bytes).
    Removing systick.o(.ARM.exidx.text.sysTickDisable), (8 bytes).
    Removing systick.o(.text.__NVIC_ClearPendingIRQ), (48 bytes).
    Removing systick.o(.ARM.exidx.text.__NVIC_ClearPendingIRQ), (8 bytes).
    Removing systick.o(.ARM.exidx.text.ms_delay), (8 bytes).
    Removing crc.o(.text), (0 bytes).
    Removing crc.o(.ARM.exidx.text.CRC16), (8 bytes).
    Removing modbus.o(.text), (0 bytes).
    Removing modbus.o(.ARM.exidx.text.send_pkt), (8 bytes).
    Removing modbus.o(.ARM.exidx.text.read_holding_register), (8 bytes).
    Removing modbus.o(.text.read_input_register), (154 bytes).
    Removing modbus.o(.ARM.exidx.text.read_input_register), (8 bytes).
    Removing modbus.o(.text.read_coil), (154 bytes).
    Removing modbus.o(.ARM.exidx.text.read_coil), (8 bytes).
    Removing modbus.o(.text.read_discrete_inputs), (156 bytes).
    Removing modbus.o(.ARM.exidx.text.read_discrete_inputs), (8 bytes).
    Removing modbus.o(.text.write_single_coil), (154 bytes).
    Removing modbus.o(.ARM.exidx.text.write_single_coil), (8 bytes).
    Removing modbus.o(.text.write_single_register), (162 bytes).
    Removing modbus.o(.ARM.exidx.text.write_single_register), (8 bytes).
    Removing modbus.o(.text.write_multiple_coils), (172 bytes).
    Removing modbus.o(.ARM.exidx.text.write_multiple_coils), (8 bytes).
    Removing modbus.o(.text.write_multiple_registers), (198 bytes).
    Removing modbus.o(.ARM.exidx.text.write_multiple_registers), (8 bytes).
    Removing modbus.o(.bss.TxData), (100 bytes).
    Removing rs485_config.o(.text), (0 bytes).
    Removing rs485_config.o(.ARM.exidx.text.rs485_init), (8 bytes).
    Removing rs485_config.o(.ARM.exidx.text.rs485_tx_enable), (8 bytes).
    Removing rs485_config.o(.ARM.exidx.text.rs485_tx_disable), (8 bytes).
    Removing system_stm32f4xx.o(.text), (0 bytes).
    Removing system_stm32f4xx.o(.ARM.exidx.text.SystemInit), (8 bytes).
    Removing system_stm32f4xx.o(.text.SystemCoreClockUpdate), (302 bytes).
    Removing system_stm32f4xx.o(.ARM.exidx.text.SystemCoreClockUpdate), (8 bytes).
    Removing system_stm32f4xx.o(.data.SystemCoreClock), (4 bytes).
    Removing system_stm32f4xx.o(.rodata.AHBPrescTable), (16 bytes).
    Removing system_stm32f4xx.o(.rodata.APBPrescTable), (8 bytes).

85 unused section(s) (total 2903 bytes) removed from the image.

==============================================================================

Image Symbol Table

    Local Symbols

    Symbol Name                              Value     Ov Type        Size  Object(Section)

    ../clib/angel/boardlib.s                 0x00000000   Number         0  boardinit1.o ABSOLUTE
    ../clib/angel/boardlib.s                 0x00000000   Number         0  boardinit2.o ABSOLUTE
    ../clib/angel/boardlib.s                 0x00000000   Number         0  boardinit3.o ABSOLUTE
    ../clib/angel/boardlib.s                 0x00000000   Number         0  boardshut.o ABSOLUTE
    ../clib/angel/handlers.s                 0x00000000   Number         0  __scatter_copy.o ABSOLUTE
    ../clib/angel/handlers.s                 0x00000000   Number         0  __scatter_zi.o ABSOLUTE
    ../clib/angel/kernel.s                   0x00000000   Number         0  __rtentry.o ABSOLUTE
    ../clib/angel/kernel.s                   0x00000000   Number         0  __rtentry2.o ABSOLUTE
    ../clib/angel/kernel.s                   0x00000000   Number         0  __rtentry4.o ABSOLUTE
    ../clib/angel/kernel.s                   0x00000000   Number         0  rtexit.o ABSOLUTE
    ../clib/angel/kernel.s                   0x00000000   Number         0  rtexit2.o ABSOLUTE
    ../clib/angel/rt.s                       0x00000000   Number         0  rt_raise.o ABSOLUTE
    ../clib/angel/scatter.s                  0x00000000   Number         0  __scatter.o ABSOLUTE
    ../clib/angel/startup.s                  0x00000000   Number         0  __main.o ABSOLUTE
    ../clib/angel/sys.s                      0x00000000   Number         0  sys_stackheap_outer.o ABSOLUTE
    ../clib/angel/sys.s                      0x00000000   Number         0  libspace.o ABSOLUTE
    ../clib/angel/sys.s                      0x00000000   Number         0  use_no_semi.o ABSOLUTE
    ../clib/angel/sys.s                      0x00000000   Number         0  indicate_semi.o ABSOLUTE
    ../clib/angel/sysapp.c                   0x00000000   Number         0  sys_exit.o ABSOLUTE
    ../clib/angel/sysapp.c                   0x00000000   Number         0  sys_exit_hlt.o ABSOLUTE
    ../clib/angel/sysapp.c                   0x00000000   Number         0  sys_command.o ABSOLUTE
    ../clib/angel/sysapp.c                   0x00000000   Number         0  sys_command_hlt.o ABSOLUTE
    ../clib/angel/sysapp.c                   0x00000000   Number         0  sys_wrch.o ABSOLUTE
    ../clib/angel/sysapp.c                   0x00000000   Number         0  sys_wrch_hlt.o ABSOLUTE
    ../clib/armsys.c                         0x00000000   Number         0  argv_veneer.o ABSOLUTE
    ../clib/armsys.c                         0x00000000   Number         0  argv_veneer.o ABSOLUTE
    ../clib/armsys.c                         0x00000000   Number         0  _get_argv_nomalloc.o ABSOLUTE
    ../clib/armsys.c                         0x00000000   Number         0  no_argv.o ABSOLUTE
    ../clib/heapalloc.c                      0x00000000   Number         0  hrguard.o ABSOLUTE
    ../clib/heapaux.c                        0x00000000   Number         0  heapauxi.o ABSOLUTE
    ../clib/libinit.s                        0x00000000   Number         0  libinit.o ABSOLUTE
    ../clib/libinit.s                        0x00000000   Number         0  libinit2.o ABSOLUTE
    ../clib/libinit.s                        0x00000000   Number         0  libshutdown.o ABSOLUTE
    ../clib/libinit.s                        0x00000000   Number         0  libshutdown2.o ABSOLUTE
    ../clib/memcpset.s                       0x00000000   Number         0  rt_memcpy_v6.o ABSOLUTE
    ../clib/memcpset.s                       0x00000000   Number         0  rt_memcpy_w.o ABSOLUTE
    ../clib/signal.c                         0x00000000   Number         0  defsig_rtmem_outer.o ABSOLUTE
    ../clib/signal.c                         0x00000000   Number         0  defsig_rtmem_formal.o ABSOLUTE
    ../clib/signal.c                         0x00000000   Number         0  defsig_exit.o ABSOLUTE
    ../clib/signal.c                         0x00000000   Number         0  defsig_rtmem_inner.o ABSOLUTE
    ../clib/signal.c                         0x00000000   Number         0  __raise.o ABSOLUTE
    ../clib/signal.c                         0x00000000   Number         0  defsig_general.o ABSOLUTE
    ../clib/signal.c                         0x00000000   Number         0  defsig_abrt_inner.o ABSOLUTE
    ../clib/signal.c                         0x00000000   Number         0  defsig_fpe_inner.o ABSOLUTE
    ../clib/signal.c                         0x00000000   Number         0  defsig_rtred_inner.o ABSOLUTE
    ../clib/signal.c                         0x00000000   Number         0  defsig_stak_inner.o ABSOLUTE
    ../clib/signal.c                         0x00000000   Number         0  defsig_pvfn_inner.o ABSOLUTE
    ../clib/signal.c                         0x00000000   Number         0  defsig_cppl_inner.o ABSOLUTE
    ../clib/signal.c                         0x00000000   Number         0  defsig_segv_inner.o ABSOLUTE
    ../clib/signal.c                         0x00000000   Number         0  defsig_other.o ABSOLUTE
    ../clib/signal.s                         0x00000000   Number         0  defsig.o ABSOLUTE
    ../clib/stdlib.c                         0x00000000   Number         0  exit.o ABSOLUTE
    ../fplib/fpinit.s                        0x00000000   Number         0  fpinit.o ABSOLUTE
    RTE/Device/STM32F446RETx/startup_stm32f446xx.s 0x00000000   Number         0  startup_stm32f446xx.o ABSOLUTE
    crc.c                                    0x00000000   Number         0  crc.o ABSOLUTE
    dc.s                                     0x00000000   Number         0  dc.o ABSOLUTE
    main.c                                   0x00000000   Number         0  main.o ABSOLUTE
    modbus.c                                 0x00000000   Number         0  modbus.o ABSOLUTE
    rs485_config.c                           0x00000000   Number         0  rs485_config.o ABSOLUTE
    system_stm32f4xx.c                       0x00000000   Number         0  system_stm32f4xx.o ABSOLUTE
    systick.c                                0x00000000   Number         0  systick.o ABSOLUTE
    uart.c                                   0x00000000   Number         0  uart.o ABSOLUTE
    RESET                                    0x08000000   Section      452  startup_stm32f446xx.o(RESET)
    !!!main                                  0x080001c4   Section        8  __main.o(!!!main)
    !!!scatter                               0x080001cc   Section       52  __scatter.o(!!!scatter)
    !!handler_copy                           0x08000200   Section       26  __scatter_copy.o(!!handler_copy)
    !!handler_zi                             0x0800021c   Section       28  __scatter_zi.o(!!handler_zi)
    .ARM.Collect$$libinit$$00000000          0x08000238   Section        2  libinit.o(.ARM.Collect$$libinit$$00000000)
    .ARM.Collect$$libinit$$00000001          0x0800023a   Section        4  libinit2.o(.ARM.Collect$$libinit$$00000001)
    .ARM.Collect$$libinit$$00000004          0x0800023e   Section        0  libinit2.o(.ARM.Collect$$libinit$$00000004)
    .ARM.Collect$$libinit$$0000000A          0x0800023e   Section        0  libinit2.o(.ARM.Collect$$libinit$$0000000A)
    .ARM.Collect$$libinit$$0000000C          0x0800023e   Section        0  libinit2.o(.ARM.Collect$$libinit$$0000000C)
    .ARM.Collect$$libinit$$0000000E          0x0800023e   Section        0  libinit2.o(.ARM.Collect$$libinit$$0000000E)
    .ARM.Collect$$libinit$$00000011          0x0800023e   Section        0  libinit2.o(.ARM.Collect$$libinit$$00000011)
    .ARM.Collect$$libinit$$00000013          0x0800023e   Section        0  libinit2.o(.ARM.Collect$$libinit$$00000013)
    .ARM.Collect$$libinit$$00000015          0x0800023e   Section        0  libinit2.o(.ARM.Collect$$libinit$$00000015)
    .ARM.Collect$$libinit$$00000017          0x0800023e   Section        0  libinit2.o(.ARM.Collect$$libinit$$00000017)
    .ARM.Collect$$libinit$$00000019          0x0800023e   Section        0  libinit2.o(.ARM.Collect$$libinit$$00000019)
    .ARM.Collect$$libinit$$0000001B          0x0800023e   Section        0  libinit2.o(.ARM.Collect$$libinit$$0000001B)
    .ARM.Collect$$libinit$$0000001D          0x0800023e   Section        0  libinit2.o(.ARM.Collect$$libinit$$0000001D)
    .ARM.Collect$$libinit$$0000001F          0x0800023e   Section        0  libinit2.o(.ARM.Collect$$libinit$$0000001F)
    .ARM.Collect$$libinit$$00000021          0x0800023e   Section        0  libinit2.o(.ARM.Collect$$libinit$$00000021)
    .ARM.Collect$$libinit$$00000023          0x0800023e   Section        0  libinit2.o(.ARM.Collect$$libinit$$00000023)
    .ARM.Collect$$libinit$$00000025          0x0800023e   Section        0  libinit2.o(.ARM.Collect$$libinit$$00000025)
    .ARM.Collect$$libinit$$0000002C          0x0800023e   Section        0  libinit2.o(.ARM.Collect$$libinit$$0000002C)
    .ARM.Collect$$libinit$$0000002E          0x0800023e   Section        0  libinit2.o(.ARM.Collect$$libinit$$0000002E)
    .ARM.Collect$$libinit$$00000030          0x0800023e   Section        0  libinit2.o(.ARM.Collect$$libinit$$00000030)
    .ARM.Collect$$libinit$$00000032          0x0800023e   Section        0  libinit2.o(.ARM.Collect$$libinit$$00000032)
    .ARM.Collect$$libinit$$00000033          0x0800023e   Section        2  libinit2.o(.ARM.Collect$$libinit$$00000033)
    .ARM.Collect$$libshutdown$$00000000      0x08000240   Section        2  libshutdown.o(.ARM.Collect$$libshutdown$$00000000)
    .ARM.Collect$$libshutdown$$00000002      0x08000242   Section        0  libshutdown2.o(.ARM.Collect$$libshutdown$$00000002)
    .ARM.Collect$$libshutdown$$00000004      0x08000242   Section        0  libshutdown2.o(.ARM.Collect$$libshutdown$$00000004)
    .ARM.Collect$$libshutdown$$00000007      0x08000242   Section        0  libshutdown2.o(.ARM.Collect$$libshutdown$$00000007)
    .ARM.Collect$$libshutdown$$0000000A      0x08000242   Section        0  libshutdown2.o(.ARM.Collect$$libshutdown$$0000000A)
    .ARM.Collect$$libshutdown$$0000000C      0x08000242   Section        0  libshutdown2.o(.ARM.Collect$$libshutdown$$0000000C)
    .ARM.Collect$$libshutdown$$0000000F      0x08000242   Section        0  libshutdown2.o(.ARM.Collect$$libshutdown$$0000000F)
    .ARM.Collect$$libshutdown$$00000010      0x08000242   Section        2  libshutdown2.o(.ARM.Collect$$libshutdown$$00000010)
    .ARM.Collect$$rtentry$$00000000          0x08000244   Section        0  __rtentry.o(.ARM.Collect$$rtentry$$00000000)
    .ARM.Collect$$rtentry$$00000002          0x08000244   Section        0  __rtentry2.o(.ARM.Collect$$rtentry$$00000002)
    .ARM.Collect$$rtentry$$00000004          0x08000244   Section        6  __rtentry4.o(.ARM.Collect$$rtentry$$00000004)
    .ARM.Collect$$rtentry$$00000009          0x0800024a   Section        0  __rtentry2.o(.ARM.Collect$$rtentry$$00000009)
    .ARM.Collect$$rtentry$$0000000A          0x0800024a   Section        4  __rtentry2.o(.ARM.Collect$$rtentry$$0000000A)
    .ARM.Collect$$rtentry$$0000000C          0x0800024e   Section        0  __rtentry2.o(.ARM.Collect$$rtentry$$0000000C)
    .ARM.Collect$$rtentry$$0000000D          0x0800024e   Section        8  __rtentry2.o(.ARM.Collect$$rtentry$$0000000D)
    .ARM.Collect$$rtexit$$00000000           0x08000256   Section        2  rtexit.o(.ARM.Collect$$rtexit$$00000000)
    .ARM.Collect$$rtexit$$00000002           0x08000258   Section        0  rtexit2.o(.ARM.Collect$$rtexit$$00000002)
    .ARM.Collect$$rtexit$$00000003           0x08000258   Section        4  rtexit2.o(.ARM.Collect$$rtexit$$00000003)
    .ARM.Collect$$rtexit$$00000004           0x0800025c   Section        6  rtexit2.o(.ARM.Collect$$rtexit$$00000004)
    $v0                                      0x08000264   Number         0  startup_stm32f446xx.o(.text)
    .text                                    0x08000264   Section       64  startup_stm32f446xx.o(.text)
    .text                                    0x080002a4   Section      138  rt_memcpy_v6.o(.text)
    .text                                    0x0800032e   Section        0  heapauxi.o(.text)
    .text                                    0x08000334   Section      100  rt_memcpy_w.o(.text)
    .text                                    0x08000398   Section       74  sys_stackheap_outer.o(.text)
    .text                                    0x080003e2   Section        0  exit.o(.text)
    .text                                    0x080003f4   Section        8  libspace.o(.text)
    .text                                    0x080003fc   Section        0  sys_exit.o(.text)
    .text                                    0x08000408   Section        2  use_no_semi.o(.text)
    .text                                    0x0800040a   Section        0  indicate_semi.o(.text)
    [Anonymous Symbol]                       0x0800040c   Section        0  crc.o(.text.CRC16)
    [Anonymous Symbol]                       0x0800046c   Section        0  systick.o(.text.SysTick_Handler)
    [Anonymous Symbol]                       0x0800047c   Section        0  system_stm32f4xx.o(.text.SystemInit)
    [Anonymous Symbol]                       0x08000490   Section        0  uart.o(.text.USART6_IRQHandler)
    __NVIC_EnableIRQ                         0x08000519   Thumb Code    48  uart.o(.text.__NVIC_EnableIRQ)
    [Anonymous Symbol]                       0x08000518   Section        0  uart.o(.text.__NVIC_EnableIRQ)
    __NVIC_SetPriority                       0x08000549   Thumb Code    66  systick.o(.text.__NVIC_SetPriority)
    [Anonymous Symbol]                       0x08000548   Section        0  systick.o(.text.__NVIC_SetPriority)
    [Anonymous Symbol]                       0x0800058c   Section        0  main.o(.text.init)
    [Anonymous Symbol]                       0x080005a0   Section        0  main.o(.text.main)
    [Anonymous Symbol]                       0x08000654   Section        0  systick.o(.text.ms_delay)
    [Anonymous Symbol]                       0x08000684   Section        0  modbus.o(.text.read_holding_register)
    [Anonymous Symbol]                       0x0800075c   Section        0  rs485_config.o(.text.rs485_init)
    [Anonymous Symbol]                       0x0800077c   Section        0  rs485_config.o(.text.rs485_tx_disable)
    [Anonymous Symbol]                       0x0800078c   Section        0  rs485_config.o(.text.rs485_tx_enable)
    [Anonymous Symbol]                       0x0800079c   Section        0  modbus.o(.text.send_pkt)
    [Anonymous Symbol]                       0x0800084c   Section        0  systick.o(.text.sysTickTimer)
    [Anonymous Symbol]                       0x0800089c   Section        0  uart.o(.text.uart2_tx_rx_init)
    [Anonymous Symbol]                       0x08000904   Section        0  uart.o(.text.uart2_write)
    [Anonymous Symbol]                       0x08000934   Section        0  uart.o(.text.uart2_write_int)
    [Anonymous Symbol]                       0x080009bc   Section        0  uart.o(.text.uart2_write_str)
    [Anonymous Symbol]                       0x080009e0   Section        0  main.o(.text.uart6_rx_callback)
    [Anonymous Symbol]                       0x08000bec   Section        0  uart.o(.text.uart6_rxne_interrupt_disable)
    [Anonymous Symbol]                       0x08000c00   Section        0  uart.o(.text.uart6_rxne_interrupt_enable)
    [Anonymous Symbol]                       0x08000c14   Section        0  uart.o(.text.uart6_tx_rx_init)
    [Anonymous Symbol]                       0x08000c80   Section        0  uart.o(.text.uart6_write)
    $v0                                      0x08000cae   Number         0  fpinit.o(x$fpl$fpinit)
    x$fpl$fpinit                             0x08000cae   Section       26  fpinit.o(x$fpl$fpinit)
    .L.str.1                                 0x08000cc8   Data          10  main.o(.rodata.str1.1)
    [Anonymous Symbol]                       0x08000cc8   Section        0  main.o(.rodata.str1.1)
    .L.str                                   0x08000cd2   Data           9  main.o(.rodata.str1.1)
    .L.str.2                                 0x08000cdb   Data          15  main.o(.rodata.str1.1)
    .L.str                                   0x08000cea   Data          21  uart.o(.rodata.str1.1)
    [Anonymous Symbol]                       0x08000cea   Section        0  uart.o(.rodata.str1.1)
    .L.str.4                                 0x08000cec   Data           2  main.o(.rodata.str1.1)
    .L.str.3                                 0x08000cfd   Data           2  uart.o(.rodata.str1.1)
    wCRCTable                                0x08000d00   Data        1024  crc.o(.rodata.wCRCTable)
    [Anonymous Symbol]                       0x08000d00   Section        0  crc.o(.rodata.wCRCTable)
    pkt2_ptr                                 0x20000000   Data           4  main.o(.data.pkt2_ptr)
    [Anonymous Symbol]                       0x20000000   Section        0  main.o(.data.pkt2_ptr)
    response_flag                            0x20000004   Data           1  main.o(.data.response_flag)
    [Anonymous Symbol]                       0x20000004   Section        0  main.o(.data.response_flag)
    .bss                                     0x20000008   Section       96  libspace.o(.bss)
    delay_millis                             0x20000068   Data           4  systick.o(.bss.delay_millis)
    [Anonymous Symbol]                       0x20000068   Section        0  systick.o(.bss.delay_millis)
    m_ticks                                  0x2000006c   Data           4  systick.o(.bss.m_ticks)
    [Anonymous Symbol]                       0x2000006c   Section        0  systick.o(.bss.m_ticks)
    pkt1                                     0x20000070   Data         110  main.o(.bss.pkt1)
    [Anonymous Symbol]                       0x20000070   Section        0  main.o(.bss.pkt1)
    pkt2                                     0x200000de   Data         110  main.o(.bss.pkt2)
    [Anonymous Symbol]                       0x200000de   Section        0  main.o(.bss.pkt2)
    pkt2_cnt                                 0x2000014c   Data           4  main.o(.bss.pkt2_cnt)
    [Anonymous Symbol]                       0x2000014c   Section        0  main.o(.bss.pkt2_cnt)
    rx_tmp                                   0x20000150   Data           1  main.o(.bss.rx_tmp)
    [Anonymous Symbol]                       0x20000150   Section        0  main.o(.bss.rx_tmp)
    slave_add                                0x20000151   Data           1  main.o(.bss.slave_add)
    [Anonymous Symbol]                       0x20000151   Section        0  main.o(.bss.slave_add)
    Heap_Mem                                 0x20000158   Data         512  startup_stm32f446xx.o(HEAP)
    HEAP                                     0x20000158   Section      512  startup_stm32f446xx.o(HEAP)
    Stack_Mem                                0x20000358   Data        1024  startup_stm32f446xx.o(STACK)
    STACK                                    0x20000358   Section     1024  startup_stm32f446xx.o(STACK)
    __initial_sp                             0x20000758   Data           0  startup_stm32f446xx.o(STACK)

    Global Symbols

    Symbol Name                              Value     Ov Type        Size  Object(Section)

    BuildAttributes$$THM_ISAv4$E$P$D$K$B$S$7EM$VFPi3$EXTD16$VFPS$VFMA$PE$A:L22UL41UL21$X:L11$S22US41US21$IEEE1$IW$~IW$USESV6$~STKCKD$USESV7$~SHL$OSPACE$ROPI$EBA8$UX$STANDARDLIB$REQ8$PRES8$EABIv2 0x00000000   Number         0  anon$$obj.o ABSOLUTE
    __ARM_exceptions_init                     - Undefined Weak Reference
    __alloca_initialize                       - Undefined Weak Reference
    __arm_preinit_                            - Undefined Weak Reference
    __cpp_initialize__aeabi_                  - Undefined Weak Reference
    __cxa_finalize                            - Undefined Weak Reference
    __rt_locale                               - Undefined Weak Reference
    __sigvec_lookup                           - Undefined Weak Reference
    _atexit_init                              - Undefined Weak Reference
    _call_atexit_fns                          - Undefined Weak Reference
    _clock_init                               - Undefined Weak Reference
    _fp_trap_init                             - Undefined Weak Reference
    _fp_trap_shutdown                         - Undefined Weak Reference
    _get_lc_collate                           - Undefined Weak Reference
    _get_lc_ctype                             - Undefined Weak Reference
    _get_lc_monetary                          - Undefined Weak Reference
    _get_lc_numeric                           - Undefined Weak Reference
    _get_lc_time                              - Undefined Weak Reference
    _getenv_init                              - Undefined Weak Reference
    _handle_redirection                       - Undefined Weak Reference
    _init_alloc                               - Undefined Weak Reference
    _init_user_alloc                          - Undefined Weak Reference
    _initio                                   - Undefined Weak Reference
    _rand_init                                - Undefined Weak Reference
    _signal_finish                            - Undefined Weak Reference
    _signal_init                              - Undefined Weak Reference
    _terminate_alloc                          - Undefined Weak Reference
    _terminate_user_alloc                     - Undefined Weak Reference
    _terminateio                              - Undefined Weak Reference
    __Vectors_Size                           0x000001c4   Number         0  startup_stm32f446xx.o ABSOLUTE
    __Vectors                                0x08000000   Data           4  startup_stm32f446xx.o(RESET)
    __Vectors_End                            0x080001c4   Data           0  startup_stm32f446xx.o(RESET)
    __main                                   0x080001c5   Thumb Code     8  __main.o(!!!main)
    __scatterload                            0x080001cd   Thumb Code     0  __scatter.o(!!!scatter)
    __scatterload_rt2                        0x080001cd   Thumb Code    44  __scatter.o(!!!scatter)
    __scatterload_rt2_thumb_only             0x080001cd   Thumb Code     0  __scatter.o(!!!scatter)
    __scatterload_null                       0x080001db   Thumb Code     0  __scatter.o(!!!scatter)
    __scatterload_copy                       0x08000201   Thumb Code    26  __scatter_copy.o(!!handler_copy)
    __scatterload_zeroinit                   0x0800021d   Thumb Code    28  __scatter_zi.o(!!handler_zi)
    __rt_lib_init                            0x08000239   Thumb Code     0  libinit.o(.ARM.Collect$$libinit$$00000000)
    __rt_lib_init_fp_1                       0x0800023b   Thumb Code     0  libinit2.o(.ARM.Collect$$libinit$$00000001)
    __rt_lib_init_alloca_1                   0x0800023f   Thumb Code     0  libinit2.o(.ARM.Collect$$libinit$$0000002E)
    __rt_lib_init_argv_1                     0x0800023f   Thumb Code     0  libinit2.o(.ARM.Collect$$libinit$$0000002C)
    __rt_lib_init_atexit_1                   0x0800023f   Thumb Code     0  libinit2.o(.ARM.Collect$$libinit$$0000001B)
    __rt_lib_init_clock_1                    0x0800023f   Thumb Code     0  libinit2.o(.ARM.Collect$$libinit$$00000021)
    __rt_lib_init_cpp_1                      0x0800023f   Thumb Code     0  libinit2.o(.ARM.Collect$$libinit$$00000032)
    __rt_lib_init_exceptions_1               0x0800023f   Thumb Code     0  libinit2.o(.ARM.Collect$$libinit$$00000030)
    __rt_lib_init_fp_trap_1                  0x0800023f   Thumb Code     0  libinit2.o(.ARM.Collect$$libinit$$0000001F)
    __rt_lib_init_getenv_1                   0x0800023f   Thumb Code     0  libinit2.o(.ARM.Collect$$libinit$$00000023)
    __rt_lib_init_heap_1                     0x0800023f   Thumb Code     0  libinit2.o(.ARM.Collect$$libinit$$0000000A)
    __rt_lib_init_lc_collate_1               0x0800023f   Thumb Code     0  libinit2.o(.ARM.Collect$$libinit$$00000011)
    __rt_lib_init_lc_ctype_1                 0x0800023f   Thumb Code     0  libinit2.o(.ARM.Collect$$libinit$$00000013)
    __rt_lib_init_lc_monetary_1              0x0800023f   Thumb Code     0  libinit2.o(.ARM.Collect$$libinit$$00000015)
    __rt_lib_init_lc_numeric_1               0x0800023f   Thumb Code     0  libinit2.o(.ARM.Collect$$libinit$$00000017)
    __rt_lib_init_lc_time_1                  0x0800023f   Thumb Code     0  libinit2.o(.ARM.Collect$$libinit$$00000019)
    __rt_lib_init_preinit_1                  0x0800023f   Thumb Code     0  libinit2.o(.ARM.Collect$$libinit$$00000004)
    __rt_lib_init_rand_1                     0x0800023f   Thumb Code     0  libinit2.o(.ARM.Collect$$libinit$$0000000E)
    __rt_lib_init_return                     0x0800023f   Thumb Code     0  libinit2.o(.ARM.Collect$$libinit$$00000033)
    __rt_lib_init_signal_1                   0x0800023f   Thumb Code     0  libinit2.o(.ARM.Collect$$libinit$$0000001D)
    __rt_lib_init_stdio_1                    0x0800023f   Thumb Code     0  libinit2.o(.ARM.Collect$$libinit$$00000025)
    __rt_lib_init_user_alloc_1               0x0800023f   Thumb Code     0  libinit2.o(.ARM.Collect$$libinit$$0000000C)
    __rt_lib_shutdown                        0x08000241   Thumb Code     0  libshutdown.o(.ARM.Collect$$libshutdown$$00000000)
    __rt_lib_shutdown_cpp_1                  0x08000243   Thumb Code     0  libshutdown2.o(.ARM.Collect$$libshutdown$$00000002)
    __rt_lib_shutdown_fp_trap_1              0x08000243   Thumb Code     0  libshutdown2.o(.ARM.Collect$$libshutdown$$00000007)
    __rt_lib_shutdown_heap_1                 0x08000243   Thumb Code     0  libshutdown2.o(.ARM.Collect$$libshutdown$$0000000F)
    __rt_lib_shutdown_return                 0x08000243   Thumb Code     0  libshutdown2.o(.ARM.Collect$$libshutdown$$00000010)
    __rt_lib_shutdown_signal_1               0x08000243   Thumb Code     0  libshutdown2.o(.ARM.Collect$$libshutdown$$0000000A)
    __rt_lib_shutdown_stdio_1                0x08000243   Thumb Code     0  libshutdown2.o(.ARM.Collect$$libshutdown$$00000004)
    __rt_lib_shutdown_user_alloc_1           0x08000243   Thumb Code     0  libshutdown2.o(.ARM.Collect$$libshutdown$$0000000C)
    __rt_entry                               0x08000245   Thumb Code     0  __rtentry.o(.ARM.Collect$$rtentry$$00000000)
    __rt_entry_presh_1                       0x08000245   Thumb Code     0  __rtentry2.o(.ARM.Collect$$rtentry$$00000002)
    __rt_entry_sh                            0x08000245   Thumb Code     0  __rtentry4.o(.ARM.Collect$$rtentry$$00000004)
    __rt_entry_li                            0x0800024b   Thumb Code     0  __rtentry2.o(.ARM.Collect$$rtentry$$0000000A)
    __rt_entry_postsh_1                      0x0800024b   Thumb Code     0  __rtentry2.o(.ARM.Collect$$rtentry$$00000009)
    __rt_entry_main                          0x0800024f   Thumb Code     0  __rtentry2.o(.ARM.Collect$$rtentry$$0000000D)
    __rt_entry_postli_1                      0x0800024f   Thumb Code     0  __rtentry2.o(.ARM.Collect$$rtentry$$0000000C)
    __rt_exit                                0x08000257   Thumb Code     0  rtexit.o(.ARM.Collect$$rtexit$$00000000)
    __rt_exit_ls                             0x08000259   Thumb Code     0  rtexit2.o(.ARM.Collect$$rtexit$$00000003)
    __rt_exit_prels_1                        0x08000259   Thumb Code     0  rtexit2.o(.ARM.Collect$$rtexit$$00000002)
    __rt_exit_exit                           0x0800025d   Thumb Code     0  rtexit2.o(.ARM.Collect$$rtexit$$00000004)
    Reset_Handler                            0x08000265   Thumb Code     8  startup_stm32f446xx.o(.text)
    NMI_Handler                              0x0800026d   Thumb Code     2  startup_stm32f446xx.o(.text)
    HardFault_Handler                        0x0800026f   Thumb Code     2  startup_stm32f446xx.o(.text)
    MemManage_Handler                        0x08000271   Thumb Code     2  startup_stm32f446xx.o(.text)
    BusFault_Handler                         0x08000273   Thumb Code     2  startup_stm32f446xx.o(.text)
    UsageFault_Handler                       0x08000275   Thumb Code     2  startup_stm32f446xx.o(.text)
    SVC_Handler                              0x08000277   Thumb Code     2  startup_stm32f446xx.o(.text)
    DebugMon_Handler                         0x08000279   Thumb Code     2  startup_stm32f446xx.o(.text)
    PendSV_Handler                           0x0800027b   Thumb Code     2  startup_stm32f446xx.o(.text)
    ADC_IRQHandler                           0x0800027f   Thumb Code     0  startup_stm32f446xx.o(.text)
    CAN1_RX0_IRQHandler                      0x0800027f   Thumb Code     0  startup_stm32f446xx.o(.text)
    CAN1_RX1_IRQHandler                      0x0800027f   Thumb Code     0  startup_stm32f446xx.o(.text)
    CAN1_SCE_IRQHandler                      0x0800027f   Thumb Code     0  startup_stm32f446xx.o(.text)
    CAN1_TX_IRQHandler                       0x0800027f   Thumb Code     0  startup_stm32f446xx.o(.text)
    CAN2_RX0_IRQHandler                      0x0800027f   Thumb Code     0  startup_stm32f446xx.o(.text)
    CAN2_RX1_IRQHandler                      0x0800027f   Thumb Code     0  startup_stm32f446xx.o(.text)
    CAN2_SCE_IRQHandler                      0x0800027f   Thumb Code     0  startup_stm32f446xx.o(.text)
    CAN2_TX_IRQHandler                       0x0800027f   Thumb Code     0  startup_stm32f446xx.o(.text)
    CEC_IRQHandler                           0x0800027f   Thumb Code     0  startup_stm32f446xx.o(.text)
    DCMI_IRQHandler                          0x0800027f   Thumb Code     0  startup_stm32f446xx.o(.text)
    DMA1_Stream0_IRQHandler                  0x0800027f   Thumb Code     0  startup_stm32f446xx.o(.text)
    DMA1_Stream1_IRQHandler                  0x0800027f   Thumb Code     0  startup_stm32f446xx.o(.text)
    DMA1_Stream2_IRQHandler                  0x0800027f   Thumb Code     0  startup_stm32f446xx.o(.text)
    DMA1_Stream3_IRQHandler                  0x0800027f   Thumb Code     0  startup_stm32f446xx.o(.text)
    DMA1_Stream4_IRQHandler                  0x0800027f   Thumb Code     0  startup_stm32f446xx.o(.text)
    DMA1_Stream5_IRQHandler                  0x0800027f   Thumb Code     0  startup_stm32f446xx.o(.text)
    DMA1_Stream6_IRQHandler                  0x0800027f   Thumb Code     0  startup_stm32f446xx.o(.text)
    DMA1_Stream7_IRQHandler                  0x0800027f   Thumb Code     0  startup_stm32f446xx.o(.text)
    DMA2_Stream0_IRQHandler                  0x0800027f   Thumb Code     0  startup_stm32f446xx.o(.text)
    DMA2_Stream1_IRQHandler                  0x0800027f   Thumb Code     0  startup_stm32f446xx.o(.text)
    DMA2_Stream2_IRQHandler                  0x0800027f   Thumb Code     0  startup_stm32f446xx.o(.text)
    DMA2_Stream3_IRQHandler                  0x0800027f   Thumb Code     0  startup_stm32f446xx.o(.text)
    DMA2_Stream4_IRQHandler                  0x0800027f   Thumb Code     0  startup_stm32f446xx.o(.text)
    DMA2_Stream5_IRQHandler                  0x0800027f   Thumb Code     0  startup_stm32f446xx.o(.text)
    DMA2_Stream6_IRQHandler                  0x0800027f   Thumb Code     0  startup_stm32f446xx.o(.text)
    DMA2_Stream7_IRQHandler                  0x0800027f   Thumb Code     0  startup_stm32f446xx.o(.text)
    EXTI0_IRQHandler                         0x0800027f   Thumb Code     0  startup_stm32f446xx.o(.text)
    EXTI15_10_IRQHandler                     0x0800027f   Thumb Code     0  startup_stm32f446xx.o(.text)
    EXTI1_IRQHandler                         0x0800027f   Thumb Code     0  startup_stm32f446xx.o(.text)
    EXTI2_IRQHandler                         0x0800027f   Thumb Code     0  startup_stm32f446xx.o(.text)
    EXTI3_IRQHandler                         0x0800027f   Thumb Code     0  startup_stm32f446xx.o(.text)
    EXTI4_IRQHandler                         0x0800027f   Thumb Code     0  startup_stm32f446xx.o(.text)
    EXTI9_5_IRQHandler                       0x0800027f   Thumb Code     0  startup_stm32f446xx.o(.text)
    FLASH_IRQHandler                         0x0800027f   Thumb Code     0  startup_stm32f446xx.o(.text)
    FMC_IRQHandler                           0x0800027f   Thumb Code     0  startup_stm32f446xx.o(.text)
    FMPI2C1_ER_IRQHandler                    0x0800027f   Thumb Code     0  startup_stm32f446xx.o(.text)
    FMPI2C1_EV_IRQHandler                    0x0800027f   Thumb Code     0  startup_stm32f446xx.o(.text)
    FPU_IRQHandler                           0x0800027f   Thumb Code     0  startup_stm32f446xx.o(.text)
    I2C1_ER_IRQHandler                       0x0800027f   Thumb Code     0  startup_stm32f446xx.o(.text)
    I2C1_EV_IRQHandler                       0x0800027f   Thumb Code     0  startup_stm32f446xx.o(.text)
    I2C2_ER_IRQHandler                       0x0800027f   Thumb Code     0  startup_stm32f446xx.o(.text)
    I2C2_EV_IRQHandler                       0x0800027f   Thumb Code     0  startup_stm32f446xx.o(.text)
    I2C3_ER_IRQHandler                       0x0800027f   Thumb Code     0  startup_stm32f446xx.o(.text)
    I2C3_EV_IRQHandler                       0x0800027f   Thumb Code     0  startup_stm32f446xx.o(.text)
    OTG_FS_IRQHandler                        0x0800027f   Thumb Code     0  startup_stm32f446xx.o(.text)
    OTG_FS_WKUP_IRQHandler                   0x0800027f   Thumb Code     0  startup_stm32f446xx.o(.text)
    OTG_HS_EP1_IN_IRQHandler                 0x0800027f   Thumb Code     0  startup_stm32f446xx.o(.text)
    OTG_HS_EP1_OUT_IRQHandler                0x0800027f   Thumb Code     0  startup_stm32f446xx.o(.text)
    OTG_HS_IRQHandler                        0x0800027f   Thumb Code     0  startup_stm32f446xx.o(.text)
    OTG_HS_WKUP_IRQHandler                   0x0800027f   Thumb Code     0  startup_stm32f446xx.o(.text)
    PVD_IRQHandler                           0x0800027f   Thumb Code     0  startup_stm32f446xx.o(.text)
    QUADSPI_IRQHandler                       0x0800027f   Thumb Code     0  startup_stm32f446xx.o(.text)
    RCC_IRQHandler                           0x0800027f   Thumb Code     0  startup_stm32f446xx.o(.text)
    RTC_Alarm_IRQHandler                     0x0800027f   Thumb Code     0  startup_stm32f446xx.o(.text)
    RTC_WKUP_IRQHandler                      0x0800027f   Thumb Code     0  startup_stm32f446xx.o(.text)
    SAI1_IRQHandler                          0x0800027f   Thumb Code     0  startup_stm32f446xx.o(.text)
    SAI2_IRQHandler                          0x0800027f   Thumb Code     0  startup_stm32f446xx.o(.text)
    SDIO_IRQHandler                          0x0800027f   Thumb Code     0  startup_stm32f446xx.o(.text)
    SPDIF_RX_IRQHandler                      0x0800027f   Thumb Code     0  startup_stm32f446xx.o(.text)
    SPI1_IRQHandler                          0x0800027f   Thumb Code     0  startup_stm32f446xx.o(.text)
    SPI2_IRQHandler                          0x0800027f   Thumb Code     0  startup_stm32f446xx.o(.text)
    SPI3_IRQHandler                          0x0800027f   Thumb Code     0  startup_stm32f446xx.o(.text)
    SPI4_IRQHandler                          0x0800027f   Thumb Code     0  startup_stm32f446xx.o(.text)
    TAMP_STAMP_IRQHandler                    0x0800027f   Thumb Code     0  startup_stm32f446xx.o(.text)
    TIM1_BRK_TIM9_IRQHandler                 0x0800027f   Thumb Code     0  startup_stm32f446xx.o(.text)
    TIM1_CC_IRQHandler                       0x0800027f   Thumb Code     0  startup_stm32f446xx.o(.text)
    TIM1_TRG_COM_TIM11_IRQHandler            0x0800027f   Thumb Code     0  startup_stm32f446xx.o(.text)
    TIM1_UP_TIM10_IRQHandler                 0x0800027f   Thumb Code     0  startup_stm32f446xx.o(.text)
    TIM2_IRQHandler                          0x0800027f   Thumb Code     0  startup_stm32f446xx.o(.text)
    TIM3_IRQHandler                          0x0800027f   Thumb Code     0  startup_stm32f446xx.o(.text)
    TIM4_IRQHandler                          0x0800027f   Thumb Code     0  startup_stm32f446xx.o(.text)
    TIM5_IRQHandler                          0x0800027f   Thumb Code     0  startup_stm32f446xx.o(.text)
    TIM6_DAC_IRQHandler                      0x0800027f   Thumb Code     0  startup_stm32f446xx.o(.text)
    TIM7_IRQHandler                          0x0800027f   Thumb Code     0  startup_stm32f446xx.o(.text)
    TIM8_BRK_TIM12_IRQHandler                0x0800027f   Thumb Code     0  startup_stm32f446xx.o(.text)
    TIM8_CC_IRQHandler                       0x0800027f   Thumb Code     0  startup_stm32f446xx.o(.text)
    TIM8_TRG_COM_TIM14_IRQHandler            0x0800027f   Thumb Code     0  startup_stm32f446xx.o(.text)
    TIM8_UP_TIM13_IRQHandler                 0x0800027f   Thumb Code     0  startup_stm32f446xx.o(.text)
    UART4_IRQHandler                         0x0800027f   Thumb Code     0  startup_stm32f446xx.o(.text)
    UART5_IRQHandler                         0x0800027f   Thumb Code     0  startup_stm32f446xx.o(.text)
    USART1_IRQHandler                        0x0800027f   Thumb Code     0  startup_stm32f446xx.o(.text)
    USART2_IRQHandler                        0x0800027f   Thumb Code     0  startup_stm32f446xx.o(.text)
    USART3_IRQHandler                        0x0800027f   Thumb Code     0  startup_stm32f446xx.o(.text)
    WWDG_IRQHandler                          0x0800027f   Thumb Code     0  startup_stm32f446xx.o(.text)
    __user_initial_stackheap                 0x08000281   Thumb Code     0  startup_stm32f446xx.o(.text)
    __aeabi_memcpy                           0x080002a5   Thumb Code     0  rt_memcpy_v6.o(.text)
    __rt_memcpy                              0x080002a5   Thumb Code   138  rt_memcpy_v6.o(.text)
    _memcpy_lastbytes                        0x0800030b   Thumb Code     0  rt_memcpy_v6.o(.text)
    __use_two_region_memory                  0x0800032f   Thumb Code     2  heapauxi.o(.text)
    __rt_heap_escrow$2region                 0x08000331   Thumb Code     2  heapauxi.o(.text)
    __rt_heap_expand$2region                 0x08000333   Thumb Code     2  heapauxi.o(.text)
    __aeabi_memcpy4                          0x08000335   Thumb Code     0  rt_memcpy_w.o(.text)
    __aeabi_memcpy8                          0x08000335   Thumb Code     0  rt_memcpy_w.o(.text)
    __rt_memcpy_w                            0x08000335   Thumb Code   100  rt_memcpy_w.o(.text)
    _memcpy_lastbytes_aligned                0x0800037d   Thumb Code     0  rt_memcpy_w.o(.text)
    __user_setup_stackheap                   0x08000399   Thumb Code    74  sys_stackheap_outer.o(.text)
    exit                                     0x080003e3   Thumb Code    18  exit.o(.text)
    __user_libspace                          0x080003f5   Thumb Code     8  libspace.o(.text)
    __user_perproc_libspace                  0x080003f5   Thumb Code     0  libspace.o(.text)
    __user_perthread_libspace                0x080003f5   Thumb Code     0  libspace.o(.text)
    _sys_exit                                0x080003fd   Thumb Code     8  sys_exit.o(.text)
    __I$use$semihosting                      0x08000409   Thumb Code     0  use_no_semi.o(.text)
    __use_no_semihosting_swi                 0x08000409   Thumb Code     2  use_no_semi.o(.text)
    __semihosting_library_function           0x0800040b   Thumb Code     0  indicate_semi.o(.text)
    CRC16                                    0x0800040d   Thumb Code    94  crc.o(.text.CRC16)
    SysTick_Handler                          0x0800046d   Thumb Code    16  systick.o(.text.SysTick_Handler)
    SystemInit                               0x0800047d   Thumb Code    18  system_stm32f4xx.o(.text.SystemInit)
    USART6_IRQHandler                        0x08000491   Thumb Code   136  uart.o(.text.USART6_IRQHandler)
    init                                     0x0800058d   Thumb Code    20  main.o(.text.init)
    main                                     0x080005a1   Thumb Code   180  main.o(.text.main)
    ms_delay                                 0x08000655   Thumb Code    46  systick.o(.text.ms_delay)
    read_holding_register                    0x08000685   Thumb Code   216  modbus.o(.text.read_holding_register)
    rs485_init                               0x0800075d   Thumb Code    32  rs485_config.o(.text.rs485_init)
    rs485_tx_disable                         0x0800077d   Thumb Code    16  rs485_config.o(.text.rs485_tx_disable)
    rs485_tx_enable                          0x0800078d   Thumb Code    16  rs485_config.o(.text.rs485_tx_enable)
    send_pkt                                 0x0800079d   Thumb Code   176  modbus.o(.text.send_pkt)
    sysTickTimer                             0x0800084d   Thumb Code    78  systick.o(.text.sysTickTimer)
    uart2_tx_rx_init                         0x0800089d   Thumb Code   104  uart.o(.text.uart2_tx_rx_init)
    uart2_write                              0x08000905   Thumb Code    46  uart.o(.text.uart2_write)
    uart2_write_int                          0x08000935   Thumb Code   134  uart.o(.text.uart2_write_int)
    uart2_write_str                          0x080009bd   Thumb Code    36  uart.o(.text.uart2_write_str)
    uart6_rx_callback                        0x080009e1   Thumb Code   524  main.o(.text.uart6_rx_callback)
    uart6_rxne_interrupt_disable             0x08000bed   Thumb Code    18  uart.o(.text.uart6_rxne_interrupt_disable)
    uart6_rxne_interrupt_enable              0x08000c01   Thumb Code    18  uart.o(.text.uart6_rxne_interrupt_enable)
    uart6_tx_rx_init                         0x08000c15   Thumb Code   108  uart.o(.text.uart6_tx_rx_init)
    uart6_write                              0x08000c81   Thumb Code    46  uart.o(.text.uart6_write)
    _fp_init                                 0x08000caf   Thumb Code    26  fpinit.o(x$fpl$fpinit)
    __fplib_config_fpu_vfp                   0x08000cc7   Thumb Code     0  fpinit.o(x$fpl$fpinit)
    __fplib_config_pureend_doubles           0x08000cc7   Thumb Code     0  fpinit.o(x$fpl$fpinit)
    Region$$Table$$Base                      0x08001100   Number         0  anon$$obj.o(Region$$Table)
    Region$$Table$$Limit                     0x08001120   Number         0  anon$$obj.o(Region$$Table)
    __libspace_start                         0x20000008   Data          96  libspace.o(.bss)
    __temporary_stack_top$libspace           0x20000068   Data           0  libspace.o(.bss)



==============================================================================

Memory Map of the image

  Image Entry point : 0x08000265

  Load Region LR_1 (Base: 0x08000000, Size: 0x00001128, Max: 0xffffffff, ABSOLUTE)

    Execution Region ER_RO (Exec base: 0x08000000, Load base: 0x08000000, Size: 0x00001120, Max: 0xffffffff, ABSOLUTE)

    Exec Addr    Load Addr    Size         Type   Attr      Idx    E Section Name        Object

    0x08000000   0x08000000   0x000001c4   Data   RO          151    RESET               startup_stm32f446xx.o
    0x080001c4   0x080001c4   0x00000008   Code   RO          178  * !!!main             c_w.l(__main.o)
    0x080001cc   0x080001cc   0x00000034   Code   RO          343    !!!scatter          c_w.l(__scatter.o)
    0x08000200   0x08000200   0x0000001a   Code   RO          345    !!handler_copy      c_w.l(__scatter_copy.o)
    0x0800021a   0x0800021a   0x00000002   PAD
    0x0800021c   0x0800021c   0x0000001c   Code   RO          347    !!handler_zi        c_w.l(__scatter_zi.o)
    0x08000238   0x08000238   0x00000002   Code   RO          207    .ARM.Collect$$libinit$$00000000  c_w.l(libinit.o)
    0x0800023a   0x0800023a   0x00000004   Code   RO          213    .ARM.Collect$$libinit$$00000001  c_w.l(libinit2.o)
    0x0800023e   0x0800023e   0x00000000   Code   RO          216    .ARM.Collect$$libinit$$00000004  c_w.l(libinit2.o)
    0x0800023e   0x0800023e   0x00000000   Code   RO          219    .ARM.Collect$$libinit$$0000000A  c_w.l(libinit2.o)
    0x0800023e   0x0800023e   0x00000000   Code   RO          221    .ARM.Collect$$libinit$$0000000C  c_w.l(libinit2.o)
    0x0800023e   0x0800023e   0x00000000   Code   RO          223    .ARM.Collect$$libinit$$0000000E  c_w.l(libinit2.o)
    0x0800023e   0x0800023e   0x00000000   Code   RO          226    .ARM.Collect$$libinit$$00000011  c_w.l(libinit2.o)
    0x0800023e   0x0800023e   0x00000000   Code   RO          228    .ARM.Collect$$libinit$$00000013  c_w.l(libinit2.o)
    0x0800023e   0x0800023e   0x00000000   Code   RO          230    .ARM.Collect$$libinit$$00000015  c_w.l(libinit2.o)
    0x0800023e   0x0800023e   0x00000000   Code   RO          232    .ARM.Collect$$libinit$$00000017  c_w.l(libinit2.o)
    0x0800023e   0x0800023e   0x00000000   Code   RO          234    .ARM.Collect$$libinit$$00000019  c_w.l(libinit2.o)
    0x0800023e   0x0800023e   0x00000000   Code   RO          236    .ARM.Collect$$libinit$$0000001B  c_w.l(libinit2.o)
    0x0800023e   0x0800023e   0x00000000   Code   RO          238    .ARM.Collect$$libinit$$0000001D  c_w.l(libinit2.o)
    0x0800023e   0x0800023e   0x00000000   Code   RO          240    .ARM.Collect$$libinit$$0000001F  c_w.l(libinit2.o)
    0x0800023e   0x0800023e   0x00000000   Code   RO          242    .ARM.Collect$$libinit$$00000021  c_w.l(libinit2.o)
    0x0800023e   0x0800023e   0x00000000   Code   RO          244    .ARM.Collect$$libinit$$00000023  c_w.l(libinit2.o)
    0x0800023e   0x0800023e   0x00000000   Code   RO          246    .ARM.Collect$$libinit$$00000025  c_w.l(libinit2.o)
    0x0800023e   0x0800023e   0x00000000   Code   RO          250    .ARM.Collect$$libinit$$0000002C  c_w.l(libinit2.o)
    0x0800023e   0x0800023e   0x00000000   Code   RO          252    .ARM.Collect$$libinit$$0000002E  c_w.l(libinit2.o)
    0x0800023e   0x0800023e   0x00000000   Code   RO          254    .ARM.Collect$$libinit$$00000030  c_w.l(libinit2.o)
    0x0800023e   0x0800023e   0x00000000   Code   RO          256    .ARM.Collect$$libinit$$00000032  c_w.l(libinit2.o)
    0x0800023e   0x0800023e   0x00000002   Code   RO          257    .ARM.Collect$$libinit$$00000033  c_w.l(libinit2.o)
    0x08000240   0x08000240   0x00000002   Code   RO          279    .ARM.Collect$$libshutdown$$00000000  c_w.l(libshutdown.o)
    0x08000242   0x08000242   0x00000000   Code   RO          294    .ARM.Collect$$libshutdown$$00000002  c_w.l(libshutdown2.o)
    0x08000242   0x08000242   0x00000000   Code   RO          296    .ARM.Collect$$libshutdown$$00000004  c_w.l(libshutdown2.o)
    0x08000242   0x08000242   0x00000000   Code   RO          299    .ARM.Collect$$libshutdown$$00000007  c_w.l(libshutdown2.o)
    0x08000242   0x08000242   0x00000000   Code   RO          302    .ARM.Collect$$libshutdown$$0000000A  c_w.l(libshutdown2.o)
    0x08000242   0x08000242   0x00000000   Code   RO          304    .ARM.Collect$$libshutdown$$0000000C  c_w.l(libshutdown2.o)
    0x08000242   0x08000242   0x00000000   Code   RO          307    .ARM.Collect$$libshutdown$$0000000F  c_w.l(libshutdown2.o)
    0x08000242   0x08000242   0x00000002   Code   RO          308    .ARM.Collect$$libshutdown$$00000010  c_w.l(libshutdown2.o)
    0x08000244   0x08000244   0x00000000   Code   RO          180    .ARM.Collect$$rtentry$$00000000  c_w.l(__rtentry.o)
    0x08000244   0x08000244   0x00000000   Code   RO          184    .ARM.Collect$$rtentry$$00000002  c_w.l(__rtentry2.o)
    0x08000244   0x08000244   0x00000006   Code   RO          196    .ARM.Collect$$rtentry$$00000004  c_w.l(__rtentry4.o)
    0x0800024a   0x0800024a   0x00000000   Code   RO          186    .ARM.Collect$$rtentry$$00000009  c_w.l(__rtentry2.o)
    0x0800024a   0x0800024a   0x00000004   Code   RO          187    .ARM.Collect$$rtentry$$0000000A  c_w.l(__rtentry2.o)
    0x0800024e   0x0800024e   0x00000000   Code   RO          189    .ARM.Collect$$rtentry$$0000000C  c_w.l(__rtentry2.o)
    0x0800024e   0x0800024e   0x00000008   Code   RO          190    .ARM.Collect$$rtentry$$0000000D  c_w.l(__rtentry2.o)
    0x08000256   0x08000256   0x00000002   Code   RO          211    .ARM.Collect$$rtexit$$00000000  c_w.l(rtexit.o)
    0x08000258   0x08000258   0x00000000   Code   RO          259    .ARM.Collect$$rtexit$$00000002  c_w.l(rtexit2.o)
    0x08000258   0x08000258   0x00000004   Code   RO          260    .ARM.Collect$$rtexit$$00000003  c_w.l(rtexit2.o)
    0x0800025c   0x0800025c   0x00000006   Code   RO          261    .ARM.Collect$$rtexit$$00000004  c_w.l(rtexit2.o)
    0x08000262   0x08000262   0x00000002   PAD
    0x08000264   0x08000264   0x00000040   Code   RO          152  * .text               startup_stm32f446xx.o
    0x080002a4   0x080002a4   0x0000008a   Code   RO          174    .text               c_w.l(rt_memcpy_v6.o)
    0x0800032e   0x0800032e   0x00000006   Code   RO          176    .text               c_w.l(heapauxi.o)
    0x08000334   0x08000334   0x00000064   Code   RO          181    .text               c_w.l(rt_memcpy_w.o)
    0x08000398   0x08000398   0x0000004a   Code   RO          198    .text               c_w.l(sys_stackheap_outer.o)
    0x080003e2   0x080003e2   0x00000012   Code   RO          200    .text               c_w.l(exit.o)
    0x080003f4   0x080003f4   0x00000008   Code   RO          208    .text               c_w.l(libspace.o)
    0x080003fc   0x080003fc   0x0000000c   Code   RO          269    .text               c_w.l(sys_exit.o)
    0x08000408   0x08000408   0x00000002   Code   RO          284    .text               c_w.l(use_no_semi.o)
    0x0800040a   0x0800040a   0x00000000   Code   RO          286    .text               c_w.l(indicate_semi.o)
    0x0800040a   0x0800040a   0x00000002   PAD
    0x0800040c   0x0800040c   0x0000005e   Code   RO          102    .text.CRC16         crc.o
    0x0800046a   0x0800046a   0x00000002   PAD
    0x0800046c   0x0800046c   0x00000010   Code   RO           85    .text.SysTick_Handler  systick.o
    0x0800047c   0x0800047c   0x00000012   Code   RO          159    .text.SystemInit    system_stm32f4xx.o
    0x0800048e   0x0800048e   0x00000002   PAD
    0x08000490   0x08000490   0x00000088   Code   RO           39    .text.USART6_IRQHandler  uart.o
    0x08000518   0x08000518   0x00000030   Code   RO           35    .text.__NVIC_EnableIRQ  uart.o
    0x08000548   0x08000548   0x00000042   Code   RO           83    .text.__NVIC_SetPriority  systick.o
    0x0800058a   0x0800058a   0x00000002   PAD
    0x0800058c   0x0800058c   0x00000014   Code   RO            4    .text.init          main.o
    0x080005a0   0x080005a0   0x000000b4   Code   RO            2    .text.main          main.o
    0x08000654   0x08000654   0x0000002e   Code   RO           91    .text.ms_delay      systick.o
    0x08000682   0x08000682   0x00000002   PAD
    0x08000684   0x08000684   0x000000d8   Code   RO          113    .text.read_holding_register  modbus.o
    0x0800075c   0x0800075c   0x00000020   Code   RO          137    .text.rs485_init    rs485_config.o
    0x0800077c   0x0800077c   0x00000010   Code   RO          141    .text.rs485_tx_disable  rs485_config.o
    0x0800078c   0x0800078c   0x00000010   Code   RO          139    .text.rs485_tx_enable  rs485_config.o
    0x0800079c   0x0800079c   0x000000b0   Code   RO          111    .text.send_pkt      modbus.o
    0x0800084c   0x0800084c   0x0000004e   Code   RO           81    .text.sysTickTimer  systick.o
    0x0800089a   0x0800089a   0x00000002   PAD
    0x0800089c   0x0800089c   0x00000068   Code   RO           33    .text.uart2_tx_rx_init  uart.o
    0x08000904   0x08000904   0x0000002e   Code   RO           43    .text.uart2_write   uart.o
    0x08000932   0x08000932   0x00000002   PAD
    0x08000934   0x08000934   0x00000086   Code   RO           47    .text.uart2_write_int  uart.o
    0x080009ba   0x080009ba   0x00000002   PAD
    0x080009bc   0x080009bc   0x00000024   Code   RO           41    .text.uart2_write_str  uart.o
    0x080009e0   0x080009e0   0x0000020c   Code   RO            6    .text.uart6_rx_callback  main.o
    0x08000bec   0x08000bec   0x00000012   Code   RO           71    .text.uart6_rxne_interrupt_disable  uart.o
    0x08000bfe   0x08000bfe   0x00000002   PAD
    0x08000c00   0x08000c00   0x00000012   Code   RO           69    .text.uart6_rxne_interrupt_enable  uart.o
    0x08000c12   0x08000c12   0x00000002   PAD
    0x08000c14   0x08000c14   0x0000006c   Code   RO           37    .text.uart6_tx_rx_init  uart.o
    0x08000c80   0x08000c80   0x0000002e   Code   RO           49    .text.uart6_write   uart.o
    0x08000cae   0x08000cae   0x0000001a   Code   RO          267    x$fpl$fpinit        fz_wm.l(fpinit.o)
    0x08000cc8   0x08000cc8   0x00000022   Data   RO           21    .rodata.str1.1      main.o
    0x08000cea   0x08000cea   0x00000015   Data   RO           73    .rodata.str1.1      uart.o
    0x08000cff   0x08000cff   0x00000001   PAD
    0x08000d00   0x08000d00   0x00000400   Data   RO          104    .rodata.wCRCTable   crc.o
    0x08001100   0x08001100   0x00000020   Data   RO          342    Region$$Table       anon$$obj.o


    Execution Region ER_RW (Exec base: 0x20000000, Load base: 0x08001120, Size: 0x00000008, Max: 0xffffffff, ABSOLUTE)

    Exec Addr    Load Addr    Size         Type   Attr      Idx    E Section Name        Object

    0x20000000   0x08001120   0x00000004   Data   RW           19    .data.pkt2_ptr      main.o
    0x20000004   0x08001124   0x00000001   Data   RW           15    .data.response_flag  main.o


    Execution Region ER_ZI (Exec base: 0x20000008, Load base: 0x08001128, Size: 0x00000750, Max: 0xffffffff, ABSOLUTE)

    Exec Addr    Load Addr    Size         Type   Attr      Idx    E Section Name        Object

    0x20000008        -       0x00000060   Zero   RW          209    .bss                c_w.l(libspace.o)
    0x20000068        -       0x00000004   Zero   RW           94    .bss.delay_millis   systick.o
    0x2000006c        -       0x00000004   Zero   RW           93    .bss.m_ticks        systick.o
    0x20000070        -       0x0000006e   Zero   RW           16    .bss.pkt1           main.o
    0x200000de        -       0x0000006e   Zero   RW           20    .bss.pkt2           main.o
    0x2000014c        -       0x00000004   Zero   RW           18    .bss.pkt2_cnt       main.o
    0x20000150        -       0x00000001   Zero   RW           17    .bss.rx_tmp         main.o
    0x20000151        -       0x00000001   Zero   RW           14    .bss.slave_add      main.o
    0x20000152   0x08001128   0x00000006   PAD
    0x20000158        -       0x00000200   Zero   RW          150    HEAP                startup_stm32f446xx.o
    0x20000358        -       0x00000400   Zero   RW          149    STACK               startup_stm32f446xx.o


==============================================================================

Image component sizes


      Code (inc. data)   RO Data    RW Data    ZI Data      Debug   Object Name

        94          0       1024          0          0        812   crc.o
       724          0         34          5        226       2706   main.o
       392          0          0          0          0       2966   modbus.o
        64          0          0          0          0       1843   rs485_config.o
        64         26        452          0       1536        872   startup_stm32f446xx.o
        18          0          0          0          0       2717   system_stm32f4xx.o
       206          0          0          0          8       4652   systick.o
       694          0         21          0          0       6716   uart.o

    ----------------------------------------------------------------------
      2274         26       1564          8       1776      23284   Object Totals
         0          0         32          0          0          0   (incl. Generated)
        18          0          1          3          6          0   (incl. Padding)

    ----------------------------------------------------------------------

      Code (inc. data)   RO Data    RW Data    ZI Data      Debug   Library Member Name

         8          0          0          0          0         68   __main.o
         0          0          0          0          0          0   __rtentry.o
        12          0          0          0          0          0   __rtentry2.o
         6          0          0          0          0          0   __rtentry4.o
        52          8          0          0          0          0   __scatter.o
        26          0          0          0          0          0   __scatter_copy.o
        28          0          0          0          0          0   __scatter_zi.o
        18          0          0          0          0         80   exit.o
         6          0          0          0          0        152   heapauxi.o
         0          0          0          0          0          0   indicate_semi.o
         2          0          0          0          0          0   libinit.o
         6          0          0          0          0          0   libinit2.o
         2          0          0          0          0          0   libshutdown.o
         2          0          0          0          0          0   libshutdown2.o
         8          4          0          0         96         68   libspace.o
       138          0          0          0          0         68   rt_memcpy_v6.o
       100          0          0          0          0         80   rt_memcpy_w.o
         2          0          0          0          0          0   rtexit.o
        10          0          0          0          0          0   rtexit2.o
        12          4          0          0          0         68   sys_exit.o
        74          0          0          0          0         80   sys_stackheap_outer.o
         2          0          0          0          0         68   use_no_semi.o
        26          0          0          0          0        116   fpinit.o

    ----------------------------------------------------------------------
       546         16          0          0         96        848   Library Totals
         6          0          0          0          0          0   (incl. Padding)

    ----------------------------------------------------------------------

      Code (inc. data)   RO Data    RW Data    ZI Data      Debug   Library Name

       514         16          0          0         96        732   c_w.l
        26          0          0          0          0        116   fz_wm.l

    ----------------------------------------------------------------------
       546         16          0          0         96        848   Library Totals

    ----------------------------------------------------------------------

==============================================================================


      Code (inc. data)   RO Data    RW Data    ZI Data      Debug   

      2820         42       1564          8       1872      23752   Grand Totals
      2820         42       1564          8       1872      23752   ELF Image Totals
      2820         42       1564          8          0          0   ROM Totals

==============================================================================

    Total RO  Size (Code + RO Data)                 4384 (   4.28kB)
    Total RW  Size (RW Data + ZI Data)              1880 (   1.84kB)
    Total ROM Size (Code + RO Data + RW Data)       4392 (   4.29kB)

==============================================================================

