Component: ARM Compiler 6.16 Tool: armlink [5dfeaa00]

==============================================================================

Section Cross References

    crc.o(.text.CRC16) refers to crc.o(.rodata.wCRCTable) for wCRCTable
    crc.o(.ARM.exidx.text.CRC16) refers to crc.o(.text.CRC16) for [Anonymous Symbol]
    main.o(.text.main) refers to main.o(.text.init) for init
    main.o(.ARM.exidx.text.main) refers to main.o(.text.main) for [Anonymous Symbol]
    main.o(.text.init) refers to uart.o(.text.uart2_tx_rx_init) for uart2_tx_rx_init
    main.o(.text.init) refers to uart.o(.text.uart6_tx_rx_init) for uart6_tx_rx_init
    main.o(.text.init) refers to uart.o(.text.uart6_rxne_interrupt_enable) for uart6_rxne_interrupt_enable
    main.o(.text.init) refers to main.o(.text.ttl_init) for ttl_init
    main.o(.text.init) refers to main.o(.text.ttl_tx_disable) for ttl_tx_disable
    main.o(.ARM.exidx.text.init) refers to main.o(.text.init) for [Anonymous Symbol]
    main.o(.ARM.exidx.text.ttl_init) refers to main.o(.text.ttl_init) for [Anonymous Symbol]
    main.o(.ARM.exidx.text.ttl_tx_disable) refers to main.o(.text.ttl_tx_disable) for [Anonymous Symbol]
    main.o(.ARM.exidx.text.ttl_tx_enable) refers to main.o(.text.ttl_tx_enable) for [Anonymous Symbol]
    uart.o(.text.uart6_rx_callback) refers to uart.o(.bss.rx_tmp) for rx_tmp
    uart.o(.text.uart6_rx_callback) refers to uart.o(.bss.cnt) for cnt
    uart.o(.text.uart6_rx_callback) refers to uart.o(.data.ptr) for ptr
    uart.o(.text.uart6_rx_callback) refers to uart.o(.bss.packet) for packet
    uart.o(.text.uart6_rx_callback) refers to uart.o(.text.uart6_rxne_interrupt_disable) for uart6_rxne_interrupt_disable
    uart.o(.text.uart6_rx_callback) refers to uart.o(.rodata.str1.1) for .L.str
    uart.o(.text.uart6_rx_callback) refers to uart.o(.text.uart2_write_str) for uart2_write_str
    uart.o(.text.uart6_rx_callback) refers to uart.o(.text.uart2_write_int) for uart2_write_int
    uart.o(.text.uart6_rx_callback) refers to uart.o(.text.send_response) for send_response
    uart.o(.ARM.exidx.text.uart6_rx_callback) refers to uart.o(.text.uart6_rx_callback) for [Anonymous Symbol]
    uart.o(.ARM.exidx.text.uart6_rxne_interrupt_disable) refers to uart.o(.text.uart6_rxne_interrupt_disable) for [Anonymous Symbol]
    uart.o(.text.uart2_write_str) refers to uart.o(.text.uart2_write) for uart2_write
    uart.o(.ARM.exidx.text.uart2_write_str) refers to uart.o(.text.uart2_write_str) for [Anonymous Symbol]
    uart.o(.text.uart2_write_int) refers to uart.o(.text.uart2_write) for uart2_write
    uart.o(.ARM.exidx.text.uart2_write_int) refers to uart.o(.text.uart2_write_int) for [Anonymous Symbol]
    uart.o(.text.send_response) refers to uart.o(.bss.packet2) for packet2
    uart.o(.text.send_response) refers to main.o(.text.ttl_tx_enable) for ttl_tx_enable
    uart.o(.text.send_response) refers to uart.o(.data.ptr2) for ptr2
    uart.o(.text.send_response) refers to uart.o(.text.uart6_write) for uart6_write
    uart.o(.text.send_response) refers to main.o(.text.ttl_tx_disable) for ttl_tx_disable
    uart.o(.text.send_response) refers to uart.o(.text.uart6_rxne_interrupt_enable) for uart6_rxne_interrupt_enable
    uart.o(.ARM.exidx.text.send_response) refers to uart.o(.text.send_response) for [Anonymous Symbol]
    uart.o(.ARM.exidx.text.uart6_write) refers to uart.o(.text.uart6_write) for [Anonymous Symbol]
    uart.o(.ARM.exidx.text.uart6_rxne_interrupt_enable) refers to uart.o(.text.uart6_rxne_interrupt_enable) for [Anonymous Symbol]
    uart.o(.text.send_error_response) refers to uart.o(.bss.packet) for packet
    uart.o(.text.send_error_response) refers to uart.o(.text.send_response) for send_response
    uart.o(.ARM.exidx.text.send_error_response) refers to uart.o(.text.send_error_response) for [Anonymous Symbol]
    uart.o(.text.fill_debug_data) refers to uart.o(.bss.pkt_cnt) for pkt_cnt
    uart.o(.text.fill_debug_data) refers to uart.o(.bss.packet) for packet
    uart.o(.text.fill_debug_data) refers to uart.o(.bss.error_pkt_cnt) for error_pkt_cnt
    uart.o(.text.fill_debug_data) refers to uart.o(.bss.flushed_pkt_cnt) for flushed_pkt_cnt
    uart.o(.text.fill_debug_data) refers to uart.o(.bss.error_byte_cnt) for error_byte_cnt
    uart.o(.ARM.exidx.text.fill_debug_data) refers to uart.o(.text.fill_debug_data) for [Anonymous Symbol]
    uart.o(.text.reset_debug_counters) refers to uart.o(.bss.pkt_cnt) for pkt_cnt
    uart.o(.text.reset_debug_counters) refers to uart.o(.bss.error_pkt_cnt) for error_pkt_cnt
    uart.o(.text.reset_debug_counters) refers to uart.o(.bss.flushed_pkt_cnt) for flushed_pkt_cnt
    uart.o(.text.reset_debug_counters) refers to uart.o(.bss.error_byte_cnt) for error_byte_cnt
    uart.o(.ARM.exidx.text.reset_debug_counters) refers to uart.o(.text.reset_debug_counters) for [Anonymous Symbol]
    uart.o(.ARM.exidx.text.led_on) refers to uart.o(.text.led_on) for [Anonymous Symbol]
    uart.o(.ARM.exidx.text.led_off) refers to uart.o(.text.led_off) for [Anonymous Symbol]
    uart.o(.text.uart2_tx_rx_init) refers to uart.o(.text.__NVIC_EnableIRQ) for __NVIC_EnableIRQ
    uart.o(.ARM.exidx.text.uart2_tx_rx_init) refers to uart.o(.text.uart2_tx_rx_init) for [Anonymous Symbol]
    uart.o(.ARM.exidx.text.__NVIC_EnableIRQ) refers to uart.o(.text.__NVIC_EnableIRQ) for [Anonymous Symbol]
    uart.o(.text.uart6_tx_rx_init) refers to uart.o(.text.__NVIC_EnableIRQ) for __NVIC_EnableIRQ
    uart.o(.ARM.exidx.text.uart6_tx_rx_init) refers to uart.o(.text.uart6_tx_rx_init) for [Anonymous Symbol]
    uart.o(.text.USART6_IRQHandler) refers to uart.o(.bss.error_byte_cnt) for error_byte_cnt
    uart.o(.text.USART6_IRQHandler) refers to uart.o(.text.uart6_rx_callback) for uart6_rx_callback
    uart.o(.ARM.exidx.text.USART6_IRQHandler) refers to uart.o(.text.USART6_IRQHandler) for [Anonymous Symbol]
    uart.o(.ARM.exidx.text.uart2_write) refers to uart.o(.text.uart2_write) for [Anonymous Symbol]
    uart.o(.ARM.exidx.text.uart2_read) refers to uart.o(.text.uart2_read) for [Anonymous Symbol]
    uart.o(.ARM.exidx.text.uart6_read) refers to uart.o(.text.uart6_read) for [Anonymous Symbol]
    uart.o(.ARM.exidx.text.uart2_txe_rxne_interrupt_enable) refers to uart.o(.text.uart2_txe_rxne_interrupt_enable) for [Anonymous Symbol]
    uart.o(.ARM.exidx.text.uart2_txe_interrupt_enable) refers to uart.o(.text.uart2_txe_interrupt_enable) for [Anonymous Symbol]
    uart.o(.ARM.exidx.text.uart2_txe_interrupt_disable) refers to uart.o(.text.uart2_txe_interrupt_disable) for [Anonymous Symbol]
    uart.o(.ARM.exidx.text.uart2_rxne_interrupt_enable) refers to uart.o(.text.uart2_rxne_interrupt_enable) for [Anonymous Symbol]
    uart.o(.ARM.exidx.text.uart2_rxne_interrupt_disable) refers to uart.o(.text.uart2_rxne_interrupt_disable) for [Anonymous Symbol]
    uart.o(.ARM.exidx.text.uart6_txe_rxne_interrupt_enable) refers to uart.o(.text.uart6_txe_rxne_interrupt_enable) for [Anonymous Symbol]
    uart.o(.ARM.exidx.text.uart6_txe_interrupt_enable) refers to uart.o(.text.uart6_txe_interrupt_enable) for [Anonymous Symbol]
    uart.o(.ARM.exidx.text.uart6_txe_interrupt_disable) refers to uart.o(.text.uart6_txe_interrupt_disable) for [Anonymous Symbol]
    uart.o(.data.ptr) refers to uart.o(.bss.packet) for [Anonymous Symbol]
    uart.o(.data.ptr2) refers to uart.o(.bss.packet2) for [Anonymous Symbol]
    systick.o(.text.sysTickTimer) refers to systick.o(.bss.m_ticks) for m_ticks
    systick.o(.text.sysTickTimer) refers to systick.o(.text.__NVIC_SetPriority) for __NVIC_SetPriority
    systick.o(.ARM.exidx.text.sysTickTimer) refers to systick.o(.text.sysTickTimer) for [Anonymous Symbol]
    systick.o(.ARM.exidx.text.__NVIC_SetPriority) refers to systick.o(.text.__NVIC_SetPriority) for [Anonymous Symbol]
    systick.o(.text.SysTick_Handler) refers to systick.o(.bss.m_ticks) for m_ticks
    systick.o(.ARM.exidx.text.SysTick_Handler) refers to systick.o(.text.SysTick_Handler) for [Anonymous Symbol]
    systick.o(.text.sysTickDisable) refers to systick.o(.text.__NVIC_ClearPendingIRQ) for __NVIC_ClearPendingIRQ
    systick.o(.ARM.exidx.text.sysTickDisable) refers to systick.o(.text.sysTickDisable) for [Anonymous Symbol]
    systick.o(.ARM.exidx.text.__NVIC_ClearPendingIRQ) refers to systick.o(.text.__NVIC_ClearPendingIRQ) for [Anonymous Symbol]
    systick.o(.text.ms_delay) refers to systick.o(.bss.m_ticks) for m_ticks
    systick.o(.ARM.exidx.text.ms_delay) refers to systick.o(.text.ms_delay) for [Anonymous Symbol]
    modbus.o(.text.send_pkt) refers to main.o(.text.ttl_tx_enable) for ttl_tx_enable
    modbus.o(.text.send_pkt) refers to uart.o(.text.uart6_write) for uart6_write
    modbus.o(.text.send_pkt) refers to main.o(.text.ttl_tx_disable) for ttl_tx_disable
    modbus.o(.text.send_pkt) refers to uart.o(.text.uart6_rxne_interrupt_enable) for uart6_rxne_interrupt_enable
    modbus.o(.ARM.exidx.text.send_pkt) refers to modbus.o(.text.send_pkt) for [Anonymous Symbol]
    modbus.o(.text.read_holding_register) refers to modbus.o(.rodata.str1.1) for .L.str
    modbus.o(.text.read_holding_register) refers to uart.o(.text.uart2_write_str) for uart2_write_str
    modbus.o(.text.read_holding_register) refers to uart.o(.text.uart2_write_int) for uart2_write_int
    modbus.o(.text.read_holding_register) refers to modbus.o(.data.Holding_Registers_Database) for Holding_Registers_Database
    modbus.o(.text.read_holding_register) refers to crc.o(.text.CRC16) for CRC16
    modbus.o(.text.read_holding_register) refers to modbus.o(.text.send_pkt) for send_pkt
    modbus.o(.ARM.exidx.text.read_holding_register) refers to modbus.o(.text.read_holding_register) for [Anonymous Symbol]
    startup_stm32f446xx.o(STACK) refers (Special) to heapauxi.o(.text) for __use_two_region_memory
    startup_stm32f446xx.o(HEAP) refers (Special) to heapauxi.o(.text) for __use_two_region_memory
    startup_stm32f446xx.o(RESET) refers (Special) to heapauxi.o(.text) for __use_two_region_memory
    startup_stm32f446xx.o(RESET) refers to startup_stm32f446xx.o(STACK) for __initial_sp
    startup_stm32f446xx.o(RESET) refers to startup_stm32f446xx.o(.text) for Reset_Handler
    startup_stm32f446xx.o(RESET) refers to systick.o(.text.SysTick_Handler) for SysTick_Handler
    startup_stm32f446xx.o(RESET) refers to uart.o(.text.USART6_IRQHandler) for USART6_IRQHandler
    startup_stm32f446xx.o(.text) refers (Special) to heapauxi.o(.text) for __use_two_region_memory
    startup_stm32f446xx.o(.text) refers to system_stm32f4xx.o(.text.SystemInit) for SystemInit
    startup_stm32f446xx.o(.text) refers to __main.o(!!!main) for __main
    startup_stm32f446xx.o(.text) refers to startup_stm32f446xx.o(HEAP) for Heap_Mem
    startup_stm32f446xx.o(.text) refers to startup_stm32f446xx.o(STACK) for Stack_Mem
    system_stm32f4xx.o(.ARM.exidx.text.SystemInit) refers to system_stm32f4xx.o(.text.SystemInit) for [Anonymous Symbol]
    system_stm32f4xx.o(.text.SystemCoreClockUpdate) refers to system_stm32f4xx.o(.data.SystemCoreClock) for SystemCoreClock
    system_stm32f4xx.o(.text.SystemCoreClockUpdate) refers to system_stm32f4xx.o(.rodata.AHBPrescTable) for AHBPrescTable
    system_stm32f4xx.o(.ARM.exidx.text.SystemCoreClockUpdate) refers to system_stm32f4xx.o(.text.SystemCoreClockUpdate) for [Anonymous Symbol]
    __main.o(!!!main) refers to __rtentry.o(.ARM.Collect$$rtentry$$00000000) for __rt_entry
    __rtentry.o(.ARM.Collect$$rtentry$$00000000) refers (Special) to __rtentry2.o(.ARM.Collect$$rtentry$$0000000A) for __rt_entry_li
    __rtentry.o(.ARM.Collect$$rtentry$$00000000) refers (Special) to __rtentry2.o(.ARM.Collect$$rtentry$$0000000D) for __rt_entry_main
    __rtentry.o(.ARM.Collect$$rtentry$$00000000) refers (Special) to __rtentry2.o(.ARM.Collect$$rtentry$$0000000C) for __rt_entry_postli_1
    __rtentry.o(.ARM.Collect$$rtentry$$00000000) refers (Special) to __rtentry2.o(.ARM.Collect$$rtentry$$00000009) for __rt_entry_postsh_1
    __rtentry.o(.ARM.Collect$$rtentry$$00000000) refers (Special) to __rtentry2.o(.ARM.Collect$$rtentry$$00000002) for __rt_entry_presh_1
    __rtentry.o(.ARM.Collect$$rtentry$$00000000) refers (Special) to __rtentry4.o(.ARM.Collect$$rtentry$$00000004) for __rt_entry_sh
    __rtentry2.o(.ARM.Collect$$rtentry$$00000008) refers to boardinit2.o(.text) for _platform_post_stackheap_init
    __rtentry2.o(.ARM.Collect$$rtentry$$0000000A) refers to libinit.o(.ARM.Collect$$libinit$$00000000) for __rt_lib_init
    __rtentry2.o(.ARM.Collect$$rtentry$$0000000B) refers to boardinit3.o(.text) for _platform_post_lib_init
    __rtentry2.o(.ARM.Collect$$rtentry$$0000000D) refers to main.o(.text.main) for main
    __rtentry2.o(.ARM.Collect$$rtentry$$0000000D) refers to exit.o(.text) for exit
    __rtentry2.o(.ARM.exidx) refers to __rtentry2.o(.ARM.Collect$$rtentry$$00000001) for .ARM.Collect$$rtentry$$00000001
    __rtentry2.o(.ARM.exidx) refers to __rtentry2.o(.ARM.Collect$$rtentry$$00000008) for .ARM.Collect$$rtentry$$00000008
    __rtentry2.o(.ARM.exidx) refers to __rtentry2.o(.ARM.Collect$$rtentry$$0000000A) for .ARM.Collect$$rtentry$$0000000A
    __rtentry2.o(.ARM.exidx) refers to __rtentry2.o(.ARM.Collect$$rtentry$$0000000B) for .ARM.Collect$$rtentry$$0000000B
    __rtentry2.o(.ARM.exidx) refers to __rtentry2.o(.ARM.Collect$$rtentry$$0000000D) for .ARM.Collect$$rtentry$$0000000D
    __rtentry4.o(.ARM.Collect$$rtentry$$00000004) refers to sys_stackheap_outer.o(.text) for __user_setup_stackheap
    __rtentry4.o(.ARM.exidx) refers to __rtentry4.o(.ARM.Collect$$rtentry$$00000004) for .ARM.Collect$$rtentry$$00000004
    sys_stackheap_outer.o(.text) refers to libspace.o(.text) for __user_perproc_libspace
    sys_stackheap_outer.o(.text) refers to startup_stm32f446xx.o(.text) for __user_initial_stackheap
    exit.o(.text) refers to rtexit.o(.ARM.Collect$$rtexit$$00000000) for __rt_exit
    libinit.o(.ARM.Collect$$libinit$$00000000) refers (Special) to libinit2.o(.ARM.Collect$$libinit$$0000002E) for __rt_lib_init_alloca_1
    libinit.o(.ARM.Collect$$libinit$$00000000) refers (Special) to libinit2.o(.ARM.Collect$$libinit$$0000002C) for __rt_lib_init_argv_1
    libinit.o(.ARM.Collect$$libinit$$00000000) refers (Special) to libinit2.o(.ARM.Collect$$libinit$$0000001B) for __rt_lib_init_atexit_1
    libinit.o(.ARM.Collect$$libinit$$00000000) refers (Special) to libinit2.o(.ARM.Collect$$libinit$$00000021) for __rt_lib_init_clock_1
    libinit.o(.ARM.Collect$$libinit$$00000000) refers (Special) to libinit2.o(.ARM.Collect$$libinit$$00000032) for __rt_lib_init_cpp_1
    libinit.o(.ARM.Collect$$libinit$$00000000) refers (Special) to libinit2.o(.ARM.Collect$$libinit$$00000030) for __rt_lib_init_exceptions_1
    libinit.o(.ARM.Collect$$libinit$$00000000) refers (Special) to libinit2.o(.ARM.Collect$$libinit$$00000001) for __rt_lib_init_fp_1
    libinit.o(.ARM.Collect$$libinit$$00000000) refers (Special) to libinit2.o(.ARM.Collect$$libinit$$0000001F) for __rt_lib_init_fp_trap_1
    libinit.o(.ARM.Collect$$libinit$$00000000) refers (Special) to libinit2.o(.ARM.Collect$$libinit$$00000023) for __rt_lib_init_getenv_1
    libinit.o(.ARM.Collect$$libinit$$00000000) refers (Special) to libinit2.o(.ARM.Collect$$libinit$$0000000A) for __rt_lib_init_heap_1
    libinit.o(.ARM.Collect$$libinit$$00000000) refers (Special) to libinit2.o(.ARM.Collect$$libinit$$00000011) for __rt_lib_init_lc_collate_1
    libinit.o(.ARM.Collect$$libinit$$00000000) refers (Special) to libinit2.o(.ARM.Collect$$libinit$$00000013) for __rt_lib_init_lc_ctype_1
    libinit.o(.ARM.Collect$$libinit$$00000000) refers (Special) to libinit2.o(.ARM.Collect$$libinit$$00000015) for __rt_lib_init_lc_monetary_1
    libinit.o(.ARM.Collect$$libinit$$00000000) refers (Special) to libinit2.o(.ARM.Collect$$libinit$$00000017) for __rt_lib_init_lc_numeric_1
    libinit.o(.ARM.Collect$$libinit$$00000000) refers (Special) to libinit2.o(.ARM.Collect$$libinit$$00000019) for __rt_lib_init_lc_time_1
    libinit.o(.ARM.Collect$$libinit$$00000000) refers (Special) to libinit2.o(.ARM.Collect$$libinit$$00000004) for __rt_lib_init_preinit_1
    libinit.o(.ARM.Collect$$libinit$$00000000) refers (Special) to libinit2.o(.ARM.Collect$$libinit$$0000000E) for __rt_lib_init_rand_1
    libinit.o(.ARM.Collect$$libinit$$00000000) refers (Special) to libinit2.o(.ARM.Collect$$libinit$$00000033) for __rt_lib_init_return
    libinit.o(.ARM.Collect$$libinit$$00000000) refers (Special) to libinit2.o(.ARM.Collect$$libinit$$0000001D) for __rt_lib_init_signal_1
    libinit.o(.ARM.Collect$$libinit$$00000000) refers (Special) to libinit2.o(.ARM.Collect$$libinit$$00000025) for __rt_lib_init_stdio_1
    libinit.o(.ARM.Collect$$libinit$$00000000) refers (Special) to libinit2.o(.ARM.Collect$$libinit$$0000000C) for __rt_lib_init_user_alloc_1
    libspace.o(.text) refers to libspace.o(.bss) for __libspace_start
    rtexit.o(.ARM.Collect$$rtexit$$00000000) refers (Special) to rtexit2.o(.ARM.Collect$$rtexit$$00000004) for __rt_exit_exit
    rtexit.o(.ARM.Collect$$rtexit$$00000000) refers (Special) to rtexit2.o(.ARM.Collect$$rtexit$$00000003) for __rt_exit_ls
    rtexit.o(.ARM.Collect$$rtexit$$00000000) refers (Special) to rtexit2.o(.ARM.Collect$$rtexit$$00000002) for __rt_exit_prels_1
    rtexit.o(.ARM.exidx) refers (Special) to rtexit2.o(.ARM.Collect$$rtexit$$00000004) for __rt_exit_exit
    rtexit.o(.ARM.exidx) refers (Special) to rtexit2.o(.ARM.Collect$$rtexit$$00000003) for __rt_exit_ls
    rtexit.o(.ARM.exidx) refers (Special) to rtexit2.o(.ARM.Collect$$rtexit$$00000002) for __rt_exit_prels_1
    rtexit.o(.ARM.exidx) refers to rtexit.o(.ARM.Collect$$rtexit$$00000000) for .ARM.Collect$$rtexit$$00000000
    libinit2.o(.ARM.Collect$$libinit$$00000001) refers to fpinit.o(x$fpl$fpinit) for _fp_init
    libinit2.o(.ARM.Collect$$libinit$$00000010) refers to libinit2.o(.ARM.Collect$$libinit$$0000000F) for .ARM.Collect$$libinit$$0000000F
    libinit2.o(.ARM.Collect$$libinit$$00000012) refers to libinit2.o(.ARM.Collect$$libinit$$0000000F) for .ARM.Collect$$libinit$$0000000F
    libinit2.o(.ARM.Collect$$libinit$$00000014) refers to libinit2.o(.ARM.Collect$$libinit$$0000000F) for .ARM.Collect$$libinit$$0000000F
    libinit2.o(.ARM.Collect$$libinit$$00000016) refers to libinit2.o(.ARM.Collect$$libinit$$0000000F) for .ARM.Collect$$libinit$$0000000F
    libinit2.o(.ARM.Collect$$libinit$$00000018) refers to libinit2.o(.ARM.Collect$$libinit$$0000000F) for .ARM.Collect$$libinit$$0000000F
    libinit2.o(.ARM.Collect$$libinit$$00000026) refers to argv_veneer.o(.emb_text) for __ARM_argv_veneer
    libinit2.o(.ARM.Collect$$libinit$$00000027) refers to argv_veneer.o(.emb_text) for __ARM_argv_veneer
    rtexit2.o(.ARM.Collect$$rtexit$$00000003) refers to libshutdown.o(.ARM.Collect$$libshutdown$$00000000) for __rt_lib_shutdown
    rtexit2.o(.ARM.Collect$$rtexit$$00000004) refers to sys_exit.o(.text) for _sys_exit
    rtexit2.o(.ARM.exidx) refers to rtexit2.o(.ARM.Collect$$rtexit$$00000001) for .ARM.Collect$$rtexit$$00000001
    rtexit2.o(.ARM.exidx) refers to rtexit2.o(.ARM.Collect$$rtexit$$00000003) for .ARM.Collect$$rtexit$$00000003
    rtexit2.o(.ARM.exidx) refers to rtexit2.o(.ARM.Collect$$rtexit$$00000004) for .ARM.Collect$$rtexit$$00000004
    argv_veneer.o(.emb_text) refers to no_argv.o(.text) for __ARM_get_argv
    sys_exit.o(.text) refers (Special) to use_no_semi.o(.text) for __I$use$semihosting
    sys_exit.o(.text) refers (Special) to indicate_semi.o(.text) for __semihosting_library_function
    sys_exit_hlt.o(.text) refers (Special) to use_no_semi.o(.text) for __I$use$semihosting
    sys_exit_hlt.o(.text) refers (Special) to indicate_semi.o(.text) for __semihosting_library_function
    _get_argv_nomalloc.o(.text) refers (Special) to hrguard.o(.text) for __heap_region$guard
    _get_argv_nomalloc.o(.text) refers to defsig_rtmem_outer.o(.text) for __rt_SIGRTMEM
    _get_argv_nomalloc.o(.text) refers to sys_command.o(.text) for _sys_command_string
    libshutdown.o(.ARM.Collect$$libshutdown$$00000000) refers (Special) to libshutdown2.o(.ARM.Collect$$libshutdown$$00000002) for __rt_lib_shutdown_cpp_1
    libshutdown.o(.ARM.Collect$$libshutdown$$00000000) refers (Special) to libshutdown2.o(.ARM.Collect$$libshutdown$$00000007) for __rt_lib_shutdown_fp_trap_1
    libshutdown.o(.ARM.Collect$$libshutdown$$00000000) refers (Special) to libshutdown2.o(.ARM.Collect$$libshutdown$$0000000F) for __rt_lib_shutdown_heap_1
    libshutdown.o(.ARM.Collect$$libshutdown$$00000000) refers (Special) to libshutdown2.o(.ARM.Collect$$libshutdown$$00000010) for __rt_lib_shutdown_return
    libshutdown.o(.ARM.Collect$$libshutdown$$00000000) refers (Special) to libshutdown2.o(.ARM.Collect$$libshutdown$$0000000A) for __rt_lib_shutdown_signal_1
    libshutdown.o(.ARM.Collect$$libshutdown$$00000000) refers (Special) to libshutdown2.o(.ARM.Collect$$libshutdown$$00000004) for __rt_lib_shutdown_stdio_1
    libshutdown.o(.ARM.Collect$$libshutdown$$00000000) refers (Special) to libshutdown2.o(.ARM.Collect$$libshutdown$$0000000C) for __rt_lib_shutdown_user_alloc_1
    sys_command.o(.text) refers (Special) to use_no_semi.o(.text) for __I$use$semihosting
    sys_command.o(.text) refers (Special) to indicate_semi.o(.text) for __semihosting_library_function
    sys_command_hlt.o(.text) refers (Special) to use_no_semi.o(.text) for __I$use$semihosting
    sys_command_hlt.o(.text) refers (Special) to indicate_semi.o(.text) for __semihosting_library_function
    defsig_rtmem_outer.o(.text) refers to defsig_rtmem_inner.o(.text) for __rt_SIGRTMEM_inner
    defsig_rtmem_outer.o(.text) refers to defsig_exit.o(.text) for __sig_exit
    defsig_rtmem_formal.o(.text) refers to rt_raise.o(.text) for __rt_raise
    rt_raise.o(.text) refers to __raise.o(.text) for __raise
    rt_raise.o(.text) refers to sys_exit.o(.text) for _sys_exit
    defsig_exit.o(.text) refers to sys_exit.o(.text) for _sys_exit
    defsig_rtmem_inner.o(.text) refers to defsig_general.o(.text) for __default_signal_display
    __raise.o(.text) refers to defsig.o(CL$$defsig) for __default_signal_handler
    defsig_general.o(.text) refers to sys_wrch.o(.text) for _ttywrch
    sys_wrch.o(.text) refers (Special) to use_no_semi.o(.text) for __I$use$semihosting
    sys_wrch.o(.text) refers (Special) to indicate_semi.o(.text) for __semihosting_library_function
    sys_wrch_hlt.o(.text) refers (Special) to use_no_semi.o(.text) for __I$use$semihosting
    sys_wrch_hlt.o(.text) refers (Special) to indicate_semi.o(.text) for __semihosting_library_function
    defsig.o(CL$$defsig) refers to defsig_rtmem_inner.o(.text) for __rt_SIGRTMEM_inner
    defsig_abrt_inner.o(.text) refers to defsig_general.o(.text) for __default_signal_display
    defsig_fpe_inner.o(.text) refers to defsig_general.o(.text) for __default_signal_display
    defsig_rtred_inner.o(.text) refers to defsig_general.o(.text) for __default_signal_display
    defsig_stak_inner.o(.text) refers to defsig_general.o(.text) for __default_signal_display
    defsig_pvfn_inner.o(.text) refers to defsig_general.o(.text) for __default_signal_display
    defsig_cppl_inner.o(.text) refers to defsig_general.o(.text) for __default_signal_display
    defsig_segv_inner.o(.text) refers to defsig_general.o(.text) for __default_signal_display
    defsig_other.o(.text) refers to defsig_general.o(.text) for __default_signal_display


==============================================================================

Removing Unused input sections from the image.

    Removing crc.o(.text), (0 bytes).
    Removing crc.o(.text.CRC16), (94 bytes).
    Removing crc.o(.ARM.exidx.text.CRC16), (8 bytes).
    Removing crc.o(.rodata.wCRCTable), (512 bytes).
    Removing main.o(.text), (0 bytes).
    Removing main.o(.ARM.exidx.text.main), (8 bytes).
    Removing main.o(.ARM.exidx.text.init), (8 bytes).
    Removing main.o(.ARM.exidx.text.ttl_init), (8 bytes).
    Removing main.o(.ARM.exidx.text.ttl_tx_disable), (8 bytes).
    Removing main.o(.ARM.exidx.text.ttl_tx_enable), (8 bytes).
    Removing main.o(.data.addr), (1 bytes).
    Removing main.o(.data.broad_addr), (1 bytes).
    Removing main.o(.bss.data), (1 bytes).
    Removing main.o(.ARM.use_no_argv), (4 bytes).
    Removing uart.o(.text), (0 bytes).
    Removing uart.o(.ARM.exidx.text.uart6_rx_callback), (8 bytes).
    Removing uart.o(.ARM.exidx.text.uart6_rxne_interrupt_disable), (8 bytes).
    Removing uart.o(.ARM.exidx.text.uart2_write_str), (8 bytes).
    Removing uart.o(.ARM.exidx.text.uart2_write_int), (8 bytes).
    Removing uart.o(.ARM.exidx.text.send_response), (8 bytes).
    Removing uart.o(.ARM.exidx.text.uart6_write), (8 bytes).
    Removing uart.o(.ARM.exidx.text.uart6_rxne_interrupt_enable), (8 bytes).
    Removing uart.o(.text.send_error_response), (20 bytes).
    Removing uart.o(.ARM.exidx.text.send_error_response), (8 bytes).
    Removing uart.o(.text.fill_debug_data), (278 bytes).
    Removing uart.o(.ARM.exidx.text.fill_debug_data), (8 bytes).
    Removing uart.o(.text.reset_debug_counters), (44 bytes).
    Removing uart.o(.ARM.exidx.text.reset_debug_counters), (8 bytes).
    Removing uart.o(.text.led_on), (46 bytes).
    Removing uart.o(.ARM.exidx.text.led_on), (8 bytes).
    Removing uart.o(.text.led_off), (46 bytes).
    Removing uart.o(.ARM.exidx.text.led_off), (8 bytes).
    Removing uart.o(.ARM.exidx.text.uart2_tx_rx_init), (8 bytes).
    Removing uart.o(.ARM.exidx.text.__NVIC_EnableIRQ), (8 bytes).
    Removing uart.o(.ARM.exidx.text.uart6_tx_rx_init), (8 bytes).
    Removing uart.o(.ARM.exidx.text.USART6_IRQHandler), (8 bytes).
    Removing uart.o(.ARM.exidx.text.uart2_write), (8 bytes).
    Removing uart.o(.text.uart2_read), (36 bytes).
    Removing uart.o(.ARM.exidx.text.uart2_read), (8 bytes).
    Removing uart.o(.text.uart6_read), (36 bytes).
    Removing uart.o(.ARM.exidx.text.uart6_read), (8 bytes).
    Removing uart.o(.text.uart2_txe_rxne_interrupt_enable), (18 bytes).
    Removing uart.o(.ARM.exidx.text.uart2_txe_rxne_interrupt_enable), (8 bytes).
    Removing uart.o(.text.uart2_txe_interrupt_enable), (18 bytes).
    Removing uart.o(.ARM.exidx.text.uart2_txe_interrupt_enable), (8 bytes).
    Removing uart.o(.text.uart2_txe_interrupt_disable), (18 bytes).
    Removing uart.o(.ARM.exidx.text.uart2_txe_interrupt_disable), (8 bytes).
    Removing uart.o(.text.uart2_rxne_interrupt_enable), (18 bytes).
    Removing uart.o(.ARM.exidx.text.uart2_rxne_interrupt_enable), (8 bytes).
    Removing uart.o(.text.uart2_rxne_interrupt_disable), (18 bytes).
    Removing uart.o(.ARM.exidx.text.uart2_rxne_interrupt_disable), (8 bytes).
    Removing uart.o(.text.uart6_txe_rxne_interrupt_enable), (18 bytes).
    Removing uart.o(.ARM.exidx.text.uart6_txe_rxne_interrupt_enable), (8 bytes).
    Removing uart.o(.text.uart6_txe_interrupt_enable), (18 bytes).
    Removing uart.o(.ARM.exidx.text.uart6_txe_interrupt_enable), (8 bytes).
    Removing uart.o(.text.uart6_txe_interrupt_disable), (18 bytes).
    Removing uart.o(.ARM.exidx.text.uart6_txe_interrupt_disable), (8 bytes).
    Removing uart.o(.bss.pkt_cnt), (4 bytes).
    Removing uart.o(.bss.error_pkt_cnt), (4 bytes).
    Removing uart.o(.bss.flushed_pkt_cnt), (4 bytes).
    Removing systick.o(.text), (0 bytes).
    Removing systick.o(.text.sysTickTimer), (60 bytes).
    Removing systick.o(.ARM.exidx.text.sysTickTimer), (8 bytes).
    Removing systick.o(.text.__NVIC_SetPriority), (66 bytes).
    Removing systick.o(.ARM.exidx.text.__NVIC_SetPriority), (8 bytes).
    Removing systick.o(.ARM.exidx.text.SysTick_Handler), (8 bytes).
    Removing systick.o(.text.sysTickDisable), (24 bytes).
    Removing systick.o(.ARM.exidx.text.sysTickDisable), (8 bytes).
    Removing systick.o(.text.__NVIC_ClearPendingIRQ), (48 bytes).
    Removing systick.o(.ARM.exidx.text.__NVIC_ClearPendingIRQ), (8 bytes).
    Removing systick.o(.text.ms_delay), (46 bytes).
    Removing systick.o(.ARM.exidx.text.ms_delay), (8 bytes).
    Removing modbus.o(.text), (0 bytes).
    Removing modbus.o(.text.send_pkt), (168 bytes).
    Removing modbus.o(.ARM.exidx.text.send_pkt), (8 bytes).
    Removing modbus.o(.text.read_holding_register), (310 bytes).
    Removing modbus.o(.ARM.exidx.text.read_holding_register), (8 bytes).
    Removing modbus.o(.rodata.str1.1), (46 bytes).
    Removing modbus.o(.data.Holding_Registers_Database), (100 bytes).
    Removing modbus.o(.bss.Tx), (100 bytes).
    Removing system_stm32f4xx.o(.text), (0 bytes).
    Removing system_stm32f4xx.o(.ARM.exidx.text.SystemInit), (8 bytes).
    Removing system_stm32f4xx.o(.text.SystemCoreClockUpdate), (302 bytes).
    Removing system_stm32f4xx.o(.ARM.exidx.text.SystemCoreClockUpdate), (8 bytes).
    Removing system_stm32f4xx.o(.data.SystemCoreClock), (4 bytes).
    Removing system_stm32f4xx.o(.rodata.AHBPrescTable), (16 bytes).
    Removing system_stm32f4xx.o(.rodata.APBPrescTable), (8 bytes).

87 unused section(s) (total 2917 bytes) removed from the image.

==============================================================================

Image Symbol Table

    Local Symbols

    Symbol Name                              Value     Ov Type        Size  Object(Section)

    ../clib/angel/boardlib.s                 0x00000000   Number         0  boardinit1.o ABSOLUTE
    ../clib/angel/boardlib.s                 0x00000000   Number         0  boardinit2.o ABSOLUTE
    ../clib/angel/boardlib.s                 0x00000000   Number         0  boardinit3.o ABSOLUTE
    ../clib/angel/boardlib.s                 0x00000000   Number         0  boardshut.o ABSOLUTE
    ../clib/angel/handlers.s                 0x00000000   Number         0  __scatter_copy.o ABSOLUTE
    ../clib/angel/handlers.s                 0x00000000   Number         0  __scatter_zi.o ABSOLUTE
    ../clib/angel/kernel.s                   0x00000000   Number         0  __rtentry.o ABSOLUTE
    ../clib/angel/kernel.s                   0x00000000   Number         0  __rtentry2.o ABSOLUTE
    ../clib/angel/kernel.s                   0x00000000   Number         0  __rtentry4.o ABSOLUTE
    ../clib/angel/kernel.s                   0x00000000   Number         0  rtexit.o ABSOLUTE
    ../clib/angel/kernel.s                   0x00000000   Number         0  rtexit2.o ABSOLUTE
    ../clib/angel/rt.s                       0x00000000   Number         0  rt_raise.o ABSOLUTE
    ../clib/angel/scatter.s                  0x00000000   Number         0  __scatter.o ABSOLUTE
    ../clib/angel/startup.s                  0x00000000   Number         0  __main.o ABSOLUTE
    ../clib/angel/sys.s                      0x00000000   Number         0  sys_stackheap_outer.o ABSOLUTE
    ../clib/angel/sys.s                      0x00000000   Number         0  libspace.o ABSOLUTE
    ../clib/angel/sys.s                      0x00000000   Number         0  use_no_semi.o ABSOLUTE
    ../clib/angel/sys.s                      0x00000000   Number         0  indicate_semi.o ABSOLUTE
    ../clib/angel/sysapp.c                   0x00000000   Number         0  sys_exit.o ABSOLUTE
    ../clib/angel/sysapp.c                   0x00000000   Number         0  sys_exit_hlt.o ABSOLUTE
    ../clib/angel/sysapp.c                   0x00000000   Number         0  sys_command.o ABSOLUTE
    ../clib/angel/sysapp.c                   0x00000000   Number         0  sys_command_hlt.o ABSOLUTE
    ../clib/angel/sysapp.c                   0x00000000   Number         0  sys_wrch.o ABSOLUTE
    ../clib/angel/sysapp.c                   0x00000000   Number         0  sys_wrch_hlt.o ABSOLUTE
    ../clib/armsys.c                         0x00000000   Number         0  argv_veneer.o ABSOLUTE
    ../clib/armsys.c                         0x00000000   Number         0  argv_veneer.o ABSOLUTE
    ../clib/armsys.c                         0x00000000   Number         0  _get_argv_nomalloc.o ABSOLUTE
    ../clib/armsys.c                         0x00000000   Number         0  no_argv.o ABSOLUTE
    ../clib/heapalloc.c                      0x00000000   Number         0  hrguard.o ABSOLUTE
    ../clib/heapaux.c                        0x00000000   Number         0  heapauxi.o ABSOLUTE
    ../clib/libinit.s                        0x00000000   Number         0  libinit.o ABSOLUTE
    ../clib/libinit.s                        0x00000000   Number         0  libinit2.o ABSOLUTE
    ../clib/libinit.s                        0x00000000   Number         0  libshutdown.o ABSOLUTE
    ../clib/libinit.s                        0x00000000   Number         0  libshutdown2.o ABSOLUTE
    ../clib/signal.c                         0x00000000   Number         0  defsig_rtmem_outer.o ABSOLUTE
    ../clib/signal.c                         0x00000000   Number         0  defsig_rtmem_formal.o ABSOLUTE
    ../clib/signal.c                         0x00000000   Number         0  defsig_exit.o ABSOLUTE
    ../clib/signal.c                         0x00000000   Number         0  defsig_rtmem_inner.o ABSOLUTE
    ../clib/signal.c                         0x00000000   Number         0  __raise.o ABSOLUTE
    ../clib/signal.c                         0x00000000   Number         0  defsig_general.o ABSOLUTE
    ../clib/signal.c                         0x00000000   Number         0  defsig_abrt_inner.o ABSOLUTE
    ../clib/signal.c                         0x00000000   Number         0  defsig_fpe_inner.o ABSOLUTE
    ../clib/signal.c                         0x00000000   Number         0  defsig_rtred_inner.o ABSOLUTE
    ../clib/signal.c                         0x00000000   Number         0  defsig_stak_inner.o ABSOLUTE
    ../clib/signal.c                         0x00000000   Number         0  defsig_pvfn_inner.o ABSOLUTE
    ../clib/signal.c                         0x00000000   Number         0  defsig_cppl_inner.o ABSOLUTE
    ../clib/signal.c                         0x00000000   Number         0  defsig_segv_inner.o ABSOLUTE
    ../clib/signal.c                         0x00000000   Number         0  defsig_other.o ABSOLUTE
    ../clib/signal.s                         0x00000000   Number         0  defsig.o ABSOLUTE
    ../clib/stdlib.c                         0x00000000   Number         0  exit.o ABSOLUTE
    ../fplib/fpinit.s                        0x00000000   Number         0  fpinit.o ABSOLUTE
    RTE/Device/STM32F446RETx/startup_stm32f446xx.s 0x00000000   Number         0  startup_stm32f446xx.o ABSOLUTE
    crc.c                                    0x00000000   Number         0  crc.o ABSOLUTE
    dc.s                                     0x00000000   Number         0  dc.o ABSOLUTE
    main.c                                   0x00000000   Number         0  main.o ABSOLUTE
    modbus.c                                 0x00000000   Number         0  modbus.o ABSOLUTE
    system_stm32f4xx.c                       0x00000000   Number         0  system_stm32f4xx.o ABSOLUTE
    systick.c                                0x00000000   Number         0  systick.o ABSOLUTE
    uart.c                                   0x00000000   Number         0  uart.o ABSOLUTE
    RESET                                    0x08000000   Section      452  startup_stm32f446xx.o(RESET)
    !!!main                                  0x080001c4   Section        8  __main.o(!!!main)
    !!!scatter                               0x080001cc   Section       52  __scatter.o(!!!scatter)
    !!handler_copy                           0x08000200   Section       26  __scatter_copy.o(!!handler_copy)
    !!handler_zi                             0x0800021c   Section       28  __scatter_zi.o(!!handler_zi)
    .ARM.Collect$$libinit$$00000000          0x08000238   Section        2  libinit.o(.ARM.Collect$$libinit$$00000000)
    .ARM.Collect$$libinit$$00000001          0x0800023a   Section        4  libinit2.o(.ARM.Collect$$libinit$$00000001)
    .ARM.Collect$$libinit$$00000004          0x0800023e   Section        0  libinit2.o(.ARM.Collect$$libinit$$00000004)
    .ARM.Collect$$libinit$$0000000A          0x0800023e   Section        0  libinit2.o(.ARM.Collect$$libinit$$0000000A)
    .ARM.Collect$$libinit$$0000000C          0x0800023e   Section        0  libinit2.o(.ARM.Collect$$libinit$$0000000C)
    .ARM.Collect$$libinit$$0000000E          0x0800023e   Section        0  libinit2.o(.ARM.Collect$$libinit$$0000000E)
    .ARM.Collect$$libinit$$00000011          0x0800023e   Section        0  libinit2.o(.ARM.Collect$$libinit$$00000011)
    .ARM.Collect$$libinit$$00000013          0x0800023e   Section        0  libinit2.o(.ARM.Collect$$libinit$$00000013)
    .ARM.Collect$$libinit$$00000015          0x0800023e   Section        0  libinit2.o(.ARM.Collect$$libinit$$00000015)
    .ARM.Collect$$libinit$$00000017          0x0800023e   Section        0  libinit2.o(.ARM.Collect$$libinit$$00000017)
    .ARM.Collect$$libinit$$00000019          0x0800023e   Section        0  libinit2.o(.ARM.Collect$$libinit$$00000019)
    .ARM.Collect$$libinit$$0000001B          0x0800023e   Section        0  libinit2.o(.ARM.Collect$$libinit$$0000001B)
    .ARM.Collect$$libinit$$0000001D          0x0800023e   Section        0  libinit2.o(.ARM.Collect$$libinit$$0000001D)
    .ARM.Collect$$libinit$$0000001F          0x0800023e   Section        0  libinit2.o(.ARM.Collect$$libinit$$0000001F)
    .ARM.Collect$$libinit$$00000021          0x0800023e   Section        0  libinit2.o(.ARM.Collect$$libinit$$00000021)
    .ARM.Collect$$libinit$$00000023          0x0800023e   Section        0  libinit2.o(.ARM.Collect$$libinit$$00000023)
    .ARM.Collect$$libinit$$00000025          0x0800023e   Section        0  libinit2.o(.ARM.Collect$$libinit$$00000025)
    .ARM.Collect$$libinit$$0000002C          0x0800023e   Section        0  libinit2.o(.ARM.Collect$$libinit$$0000002C)
    .ARM.Collect$$libinit$$0000002E          0x0800023e   Section        0  libinit2.o(.ARM.Collect$$libinit$$0000002E)
    .ARM.Collect$$libinit$$00000030          0x0800023e   Section        0  libinit2.o(.ARM.Collect$$libinit$$00000030)
    .ARM.Collect$$libinit$$00000032          0x0800023e   Section        0  libinit2.o(.ARM.Collect$$libinit$$00000032)
    .ARM.Collect$$libinit$$00000033          0x0800023e   Section        2  libinit2.o(.ARM.Collect$$libinit$$00000033)
    .ARM.Collect$$libshutdown$$00000000      0x08000240   Section        2  libshutdown.o(.ARM.Collect$$libshutdown$$00000000)
    .ARM.Collect$$libshutdown$$00000002      0x08000242   Section        0  libshutdown2.o(.ARM.Collect$$libshutdown$$00000002)
    .ARM.Collect$$libshutdown$$00000004      0x08000242   Section        0  libshutdown2.o(.ARM.Collect$$libshutdown$$00000004)
    .ARM.Collect$$libshutdown$$00000007      0x08000242   Section        0  libshutdown2.o(.ARM.Collect$$libshutdown$$00000007)
    .ARM.Collect$$libshutdown$$0000000A      0x08000242   Section        0  libshutdown2.o(.ARM.Collect$$libshutdown$$0000000A)
    .ARM.Collect$$libshutdown$$0000000C      0x08000242   Section        0  libshutdown2.o(.ARM.Collect$$libshutdown$$0000000C)
    .ARM.Collect$$libshutdown$$0000000F      0x08000242   Section        0  libshutdown2.o(.ARM.Collect$$libshutdown$$0000000F)
    .ARM.Collect$$libshutdown$$00000010      0x08000242   Section        2  libshutdown2.o(.ARM.Collect$$libshutdown$$00000010)
    .ARM.Collect$$rtentry$$00000000          0x08000244   Section        0  __rtentry.o(.ARM.Collect$$rtentry$$00000000)
    .ARM.Collect$$rtentry$$00000002          0x08000244   Section        0  __rtentry2.o(.ARM.Collect$$rtentry$$00000002)
    .ARM.Collect$$rtentry$$00000004          0x08000244   Section        6  __rtentry4.o(.ARM.Collect$$rtentry$$00000004)
    .ARM.Collect$$rtentry$$00000009          0x0800024a   Section        0  __rtentry2.o(.ARM.Collect$$rtentry$$00000009)
    .ARM.Collect$$rtentry$$0000000A          0x0800024a   Section        4  __rtentry2.o(.ARM.Collect$$rtentry$$0000000A)
    .ARM.Collect$$rtentry$$0000000C          0x0800024e   Section        0  __rtentry2.o(.ARM.Collect$$rtentry$$0000000C)
    .ARM.Collect$$rtentry$$0000000D          0x0800024e   Section        8  __rtentry2.o(.ARM.Collect$$rtentry$$0000000D)
    .ARM.Collect$$rtexit$$00000000           0x08000256   Section        2  rtexit.o(.ARM.Collect$$rtexit$$00000000)
    .ARM.Collect$$rtexit$$00000002           0x08000258   Section        0  rtexit2.o(.ARM.Collect$$rtexit$$00000002)
    .ARM.Collect$$rtexit$$00000003           0x08000258   Section        4  rtexit2.o(.ARM.Collect$$rtexit$$00000003)
    .ARM.Collect$$rtexit$$00000004           0x0800025c   Section        6  rtexit2.o(.ARM.Collect$$rtexit$$00000004)
    $v0                                      0x08000264   Number         0  startup_stm32f446xx.o(.text)
    .text                                    0x08000264   Section       64  startup_stm32f446xx.o(.text)
    .text                                    0x080002a4   Section        0  heapauxi.o(.text)
    .text                                    0x080002aa   Section       74  sys_stackheap_outer.o(.text)
    .text                                    0x080002f4   Section        0  exit.o(.text)
    .text                                    0x08000308   Section        8  libspace.o(.text)
    .text                                    0x08000310   Section        0  sys_exit.o(.text)
    .text                                    0x0800031c   Section        2  use_no_semi.o(.text)
    .text                                    0x0800031e   Section        0  indicate_semi.o(.text)
    [Anonymous Symbol]                       0x08000320   Section        0  systick.o(.text.SysTick_Handler)
    [Anonymous Symbol]                       0x08000330   Section        0  system_stm32f4xx.o(.text.SystemInit)
    [Anonymous Symbol]                       0x08000344   Section        0  uart.o(.text.USART6_IRQHandler)
    __NVIC_EnableIRQ                         0x080003b9   Thumb Code    48  uart.o(.text.__NVIC_EnableIRQ)
    [Anonymous Symbol]                       0x080003b8   Section        0  uart.o(.text.__NVIC_EnableIRQ)
    [Anonymous Symbol]                       0x080003e8   Section        0  main.o(.text.init)
    [Anonymous Symbol]                       0x08000414   Section        0  main.o(.text.main)
    [Anonymous Symbol]                       0x08000424   Section        0  uart.o(.text.send_response)
    [Anonymous Symbol]                       0x0800052c   Section        0  main.o(.text.ttl_init)
    [Anonymous Symbol]                       0x0800054c   Section        0  main.o(.text.ttl_tx_disable)
    [Anonymous Symbol]                       0x0800055c   Section        0  main.o(.text.ttl_tx_enable)
    [Anonymous Symbol]                       0x0800056c   Section        0  uart.o(.text.uart2_tx_rx_init)
    [Anonymous Symbol]                       0x080005d4   Section        0  uart.o(.text.uart2_write)
    [Anonymous Symbol]                       0x08000604   Section        0  uart.o(.text.uart2_write_int)
    [Anonymous Symbol]                       0x0800068c   Section        0  uart.o(.text.uart2_write_str)
    [Anonymous Symbol]                       0x080006b0   Section        0  uart.o(.text.uart6_rx_callback)
    [Anonymous Symbol]                       0x080008bc   Section        0  uart.o(.text.uart6_rxne_interrupt_disable)
    [Anonymous Symbol]                       0x080008d0   Section        0  uart.o(.text.uart6_rxne_interrupt_enable)
    [Anonymous Symbol]                       0x080008e4   Section        0  uart.o(.text.uart6_tx_rx_init)
    [Anonymous Symbol]                       0x08000960   Section        0  uart.o(.text.uart6_write)
    $v0                                      0x0800098e   Number         0  fpinit.o(x$fpl$fpinit)
    x$fpl$fpinit                             0x0800098e   Section       26  fpinit.o(x$fpl$fpinit)
    .L.str.3                                 0x080009a8   Data           2  uart.o(.rodata.str1.1)
    [Anonymous Symbol]                       0x080009a8   Section        0  uart.o(.rodata.str1.1)
    .L.str.1                                 0x080009aa   Data          10  uart.o(.rodata.str1.1)
    .L.str                                   0x080009b4   Data           9  uart.o(.rodata.str1.1)
    .L.str.2                                 0x080009bd   Data          15  uart.o(.rodata.str1.1)
    ptr                                      0x20000000   Data           4  uart.o(.data.ptr)
    [Anonymous Symbol]                       0x20000000   Section        0  uart.o(.data.ptr)
    ptr2                                     0x20000004   Data           4  uart.o(.data.ptr2)
    [Anonymous Symbol]                       0x20000004   Section        0  uart.o(.data.ptr2)
    .bss                                     0x20000008   Section       96  libspace.o(.bss)
    cnt                                      0x20000068   Data           4  uart.o(.bss.cnt)
    [Anonymous Symbol]                       0x20000068   Section        0  uart.o(.bss.cnt)
    error_byte_cnt                           0x2000006c   Data           4  uart.o(.bss.error_byte_cnt)
    [Anonymous Symbol]                       0x2000006c   Section        0  uart.o(.bss.error_byte_cnt)
    packet                                   0x20000074   Data         110  uart.o(.bss.packet)
    [Anonymous Symbol]                       0x20000074   Section        0  uart.o(.bss.packet)
    packet2                                  0x200000e2   Data         110  uart.o(.bss.packet2)
    [Anonymous Symbol]                       0x200000e2   Section        0  uart.o(.bss.packet2)
    rx_tmp                                   0x20000150   Data           1  uart.o(.bss.rx_tmp)
    [Anonymous Symbol]                       0x20000150   Section        0  uart.o(.bss.rx_tmp)
    Heap_Mem                                 0x20000158   Data         512  startup_stm32f446xx.o(HEAP)
    HEAP                                     0x20000158   Section      512  startup_stm32f446xx.o(HEAP)
    Stack_Mem                                0x20000358   Data        1024  startup_stm32f446xx.o(STACK)
    STACK                                    0x20000358   Section     1024  startup_stm32f446xx.o(STACK)
    __initial_sp                             0x20000758   Data           0  startup_stm32f446xx.o(STACK)

    Global Symbols

    Symbol Name                              Value     Ov Type        Size  Object(Section)

    BuildAttributes$$THM_ISAv4$E$P$D$K$B$S$7EM$VFPi3$EXTD16$VFPS$VFMA$PE$A:L22UL41UL21$X:L11$S22US41US21$IEEE1$IW$~IW$USESV6$~STKCKD$USESV7$~SHL$OSPACE$ROPI$EBA8$UX$STANDARDLIB$REQ8$PRES8$EABIv2 0x00000000   Number         0  anon$$obj.o ABSOLUTE
    __ARM_exceptions_init                     - Undefined Weak Reference
    __alloca_initialize                       - Undefined Weak Reference
    __arm_preinit_                            - Undefined Weak Reference
    __cpp_initialize__aeabi_                  - Undefined Weak Reference
    __cxa_finalize                            - Undefined Weak Reference
    __rt_locale                               - Undefined Weak Reference
    __sigvec_lookup                           - Undefined Weak Reference
    _atexit_init                              - Undefined Weak Reference
    _call_atexit_fns                          - Undefined Weak Reference
    _clock_init                               - Undefined Weak Reference
    _fp_trap_init                             - Undefined Weak Reference
    _fp_trap_shutdown                         - Undefined Weak Reference
    _get_lc_collate                           - Undefined Weak Reference
    _get_lc_ctype                             - Undefined Weak Reference
    _get_lc_monetary                          - Undefined Weak Reference
    _get_lc_numeric                           - Undefined Weak Reference
    _get_lc_time                              - Undefined Weak Reference
    _getenv_init                              - Undefined Weak Reference
    _handle_redirection                       - Undefined Weak Reference
    _init_alloc                               - Undefined Weak Reference
    _init_user_alloc                          - Undefined Weak Reference
    _initio                                   - Undefined Weak Reference
    _rand_init                                - Undefined Weak Reference
    _signal_finish                            - Undefined Weak Reference
    _signal_init                              - Undefined Weak Reference
    _terminate_alloc                          - Undefined Weak Reference
    _terminate_user_alloc                     - Undefined Weak Reference
    _terminateio                              - Undefined Weak Reference
    __Vectors_Size                           0x000001c4   Number         0  startup_stm32f446xx.o ABSOLUTE
    __Vectors                                0x08000000   Data           4  startup_stm32f446xx.o(RESET)
    __Vectors_End                            0x080001c4   Data           0  startup_stm32f446xx.o(RESET)
    __main                                   0x080001c5   Thumb Code     8  __main.o(!!!main)
    __scatterload                            0x080001cd   Thumb Code     0  __scatter.o(!!!scatter)
    __scatterload_rt2                        0x080001cd   Thumb Code    44  __scatter.o(!!!scatter)
    __scatterload_rt2_thumb_only             0x080001cd   Thumb Code     0  __scatter.o(!!!scatter)
    __scatterload_null                       0x080001db   Thumb Code     0  __scatter.o(!!!scatter)
    __scatterload_copy                       0x08000201   Thumb Code    26  __scatter_copy.o(!!handler_copy)
    __scatterload_zeroinit                   0x0800021d   Thumb Code    28  __scatter_zi.o(!!handler_zi)
    __rt_lib_init                            0x08000239   Thumb Code     0  libinit.o(.ARM.Collect$$libinit$$00000000)
    __rt_lib_init_fp_1                       0x0800023b   Thumb Code     0  libinit2.o(.ARM.Collect$$libinit$$00000001)
    __rt_lib_init_alloca_1                   0x0800023f   Thumb Code     0  libinit2.o(.ARM.Collect$$libinit$$0000002E)
    __rt_lib_init_argv_1                     0x0800023f   Thumb Code     0  libinit2.o(.ARM.Collect$$libinit$$0000002C)
    __rt_lib_init_atexit_1                   0x0800023f   Thumb Code     0  libinit2.o(.ARM.Collect$$libinit$$0000001B)
    __rt_lib_init_clock_1                    0x0800023f   Thumb Code     0  libinit2.o(.ARM.Collect$$libinit$$00000021)
    __rt_lib_init_cpp_1                      0x0800023f   Thumb Code     0  libinit2.o(.ARM.Collect$$libinit$$00000032)
    __rt_lib_init_exceptions_1               0x0800023f   Thumb Code     0  libinit2.o(.ARM.Collect$$libinit$$00000030)
    __rt_lib_init_fp_trap_1                  0x0800023f   Thumb Code     0  libinit2.o(.ARM.Collect$$libinit$$0000001F)
    __rt_lib_init_getenv_1                   0x0800023f   Thumb Code     0  libinit2.o(.ARM.Collect$$libinit$$00000023)
    __rt_lib_init_heap_1                     0x0800023f   Thumb Code     0  libinit2.o(.ARM.Collect$$libinit$$0000000A)
    __rt_lib_init_lc_collate_1               0x0800023f   Thumb Code     0  libinit2.o(.ARM.Collect$$libinit$$00000011)
    __rt_lib_init_lc_ctype_1                 0x0800023f   Thumb Code     0  libinit2.o(.ARM.Collect$$libinit$$00000013)
    __rt_lib_init_lc_monetary_1              0x0800023f   Thumb Code     0  libinit2.o(.ARM.Collect$$libinit$$00000015)
    __rt_lib_init_lc_numeric_1               0x0800023f   Thumb Code     0  libinit2.o(.ARM.Collect$$libinit$$00000017)
    __rt_lib_init_lc_time_1                  0x0800023f   Thumb Code     0  libinit2.o(.ARM.Collect$$libinit$$00000019)
    __rt_lib_init_preinit_1                  0x0800023f   Thumb Code     0  libinit2.o(.ARM.Collect$$libinit$$00000004)
    __rt_lib_init_rand_1                     0x0800023f   Thumb Code     0  libinit2.o(.ARM.Collect$$libinit$$0000000E)
    __rt_lib_init_return                     0x0800023f   Thumb Code     0  libinit2.o(.ARM.Collect$$libinit$$00000033)
    __rt_lib_init_signal_1                   0x0800023f   Thumb Code     0  libinit2.o(.ARM.Collect$$libinit$$0000001D)
    __rt_lib_init_stdio_1                    0x0800023f   Thumb Code     0  libinit2.o(.ARM.Collect$$libinit$$00000025)
    __rt_lib_init_user_alloc_1               0x0800023f   Thumb Code     0  libinit2.o(.ARM.Collect$$libinit$$0000000C)
    __rt_lib_shutdown                        0x08000241   Thumb Code     0  libshutdown.o(.ARM.Collect$$libshutdown$$00000000)
    __rt_lib_shutdown_cpp_1                  0x08000243   Thumb Code     0  libshutdown2.o(.ARM.Collect$$libshutdown$$00000002)
    __rt_lib_shutdown_fp_trap_1              0x08000243   Thumb Code     0  libshutdown2.o(.ARM.Collect$$libshutdown$$00000007)
    __rt_lib_shutdown_heap_1                 0x08000243   Thumb Code     0  libshutdown2.o(.ARM.Collect$$libshutdown$$0000000F)
    __rt_lib_shutdown_return                 0x08000243   Thumb Code     0  libshutdown2.o(.ARM.Collect$$libshutdown$$00000010)
    __rt_lib_shutdown_signal_1               0x08000243   Thumb Code     0  libshutdown2.o(.ARM.Collect$$libshutdown$$0000000A)
    __rt_lib_shutdown_stdio_1                0x08000243   Thumb Code     0  libshutdown2.o(.ARM.Collect$$libshutdown$$00000004)
    __rt_lib_shutdown_user_alloc_1           0x08000243   Thumb Code     0  libshutdown2.o(.ARM.Collect$$libshutdown$$0000000C)
    __rt_entry                               0x08000245   Thumb Code     0  __rtentry.o(.ARM.Collect$$rtentry$$00000000)
    __rt_entry_presh_1                       0x08000245   Thumb Code     0  __rtentry2.o(.ARM.Collect$$rtentry$$00000002)
    __rt_entry_sh                            0x08000245   Thumb Code     0  __rtentry4.o(.ARM.Collect$$rtentry$$00000004)
    __rt_entry_li                            0x0800024b   Thumb Code     0  __rtentry2.o(.ARM.Collect$$rtentry$$0000000A)
    __rt_entry_postsh_1                      0x0800024b   Thumb Code     0  __rtentry2.o(.ARM.Collect$$rtentry$$00000009)
    __rt_entry_main                          0x0800024f   Thumb Code     0  __rtentry2.o(.ARM.Collect$$rtentry$$0000000D)
    __rt_entry_postli_1                      0x0800024f   Thumb Code     0  __rtentry2.o(.ARM.Collect$$rtentry$$0000000C)
    __rt_exit                                0x08000257   Thumb Code     0  rtexit.o(.ARM.Collect$$rtexit$$00000000)
    __rt_exit_ls                             0x08000259   Thumb Code     0  rtexit2.o(.ARM.Collect$$rtexit$$00000003)
    __rt_exit_prels_1                        0x08000259   Thumb Code     0  rtexit2.o(.ARM.Collect$$rtexit$$00000002)
    __rt_exit_exit                           0x0800025d   Thumb Code     0  rtexit2.o(.ARM.Collect$$rtexit$$00000004)
    Reset_Handler                            0x08000265   Thumb Code     8  startup_stm32f446xx.o(.text)
    NMI_Handler                              0x0800026d   Thumb Code     2  startup_stm32f446xx.o(.text)
    HardFault_Handler                        0x0800026f   Thumb Code     2  startup_stm32f446xx.o(.text)
    MemManage_Handler                        0x08000271   Thumb Code     2  startup_stm32f446xx.o(.text)
    BusFault_Handler                         0x08000273   Thumb Code     2  startup_stm32f446xx.o(.text)
    UsageFault_Handler                       0x08000275   Thumb Code     2  startup_stm32f446xx.o(.text)
    SVC_Handler                              0x08000277   Thumb Code     2  startup_stm32f446xx.o(.text)
    DebugMon_Handler                         0x08000279   Thumb Code     2  startup_stm32f446xx.o(.text)
    PendSV_Handler                           0x0800027b   Thumb Code     2  startup_stm32f446xx.o(.text)
    ADC_IRQHandler                           0x0800027f   Thumb Code     0  startup_stm32f446xx.o(.text)
    CAN1_RX0_IRQHandler                      0x0800027f   Thumb Code     0  startup_stm32f446xx.o(.text)
    CAN1_RX1_IRQHandler                      0x0800027f   Thumb Code     0  startup_stm32f446xx.o(.text)
    CAN1_SCE_IRQHandler                      0x0800027f   Thumb Code     0  startup_stm32f446xx.o(.text)
    CAN1_TX_IRQHandler                       0x0800027f   Thumb Code     0  startup_stm32f446xx.o(.text)
    CAN2_RX0_IRQHandler                      0x0800027f   Thumb Code     0  startup_stm32f446xx.o(.text)
    CAN2_RX1_IRQHandler                      0x0800027f   Thumb Code     0  startup_stm32f446xx.o(.text)
    CAN2_SCE_IRQHandler                      0x0800027f   Thumb Code     0  startup_stm32f446xx.o(.text)
    CAN2_TX_IRQHandler                       0x0800027f   Thumb Code     0  startup_stm32f446xx.o(.text)
    CEC_IRQHandler                           0x0800027f   Thumb Code     0  startup_stm32f446xx.o(.text)
    DCMI_IRQHandler                          0x0800027f   Thumb Code     0  startup_stm32f446xx.o(.text)
    DMA1_Stream0_IRQHandler                  0x0800027f   Thumb Code     0  startup_stm32f446xx.o(.text)
    DMA1_Stream1_IRQHandler                  0x0800027f   Thumb Code     0  startup_stm32f446xx.o(.text)
    DMA1_Stream2_IRQHandler                  0x0800027f   Thumb Code     0  startup_stm32f446xx.o(.text)
    DMA1_Stream3_IRQHandler                  0x0800027f   Thumb Code     0  startup_stm32f446xx.o(.text)
    DMA1_Stream4_IRQHandler                  0x0800027f   Thumb Code     0  startup_stm32f446xx.o(.text)
    DMA1_Stream5_IRQHandler                  0x0800027f   Thumb Code     0  startup_stm32f446xx.o(.text)
    DMA1_Stream6_IRQHandler                  0x0800027f   Thumb Code     0  startup_stm32f446xx.o(.text)
    DMA1_Stream7_IRQHandler                  0x0800027f   Thumb Code     0  startup_stm32f446xx.o(.text)
    DMA2_Stream0_IRQHandler                  0x0800027f   Thumb Code     0  startup_stm32f446xx.o(.text)
    DMA2_Stream1_IRQHandler                  0x0800027f   Thumb Code     0  startup_stm32f446xx.o(.text)
    DMA2_Stream2_IRQHandler                  0x0800027f   Thumb Code     0  startup_stm32f446xx.o(.text)
    DMA2_Stream3_IRQHandler                  0x0800027f   Thumb Code     0  startup_stm32f446xx.o(.text)
    DMA2_Stream4_IRQHandler                  0x0800027f   Thumb Code     0  startup_stm32f446xx.o(.text)
    DMA2_Stream5_IRQHandler                  0x0800027f   Thumb Code     0  startup_stm32f446xx.o(.text)
    DMA2_Stream6_IRQHandler                  0x0800027f   Thumb Code     0  startup_stm32f446xx.o(.text)
    DMA2_Stream7_IRQHandler                  0x0800027f   Thumb Code     0  startup_stm32f446xx.o(.text)
    EXTI0_IRQHandler                         0x0800027f   Thumb Code     0  startup_stm32f446xx.o(.text)
    EXTI15_10_IRQHandler                     0x0800027f   Thumb Code     0  startup_stm32f446xx.o(.text)
    EXTI1_IRQHandler                         0x0800027f   Thumb Code     0  startup_stm32f446xx.o(.text)
    EXTI2_IRQHandler                         0x0800027f   Thumb Code     0  startup_stm32f446xx.o(.text)
    EXTI3_IRQHandler                         0x0800027f   Thumb Code     0  startup_stm32f446xx.o(.text)
    EXTI4_IRQHandler                         0x0800027f   Thumb Code     0  startup_stm32f446xx.o(.text)
    EXTI9_5_IRQHandler                       0x0800027f   Thumb Code     0  startup_stm32f446xx.o(.text)
    FLASH_IRQHandler                         0x0800027f   Thumb Code     0  startup_stm32f446xx.o(.text)
    FMC_IRQHandler                           0x0800027f   Thumb Code     0  startup_stm32f446xx.o(.text)
    FMPI2C1_ER_IRQHandler                    0x0800027f   Thumb Code     0  startup_stm32f446xx.o(.text)
    FMPI2C1_EV_IRQHandler                    0x0800027f   Thumb Code     0  startup_stm32f446xx.o(.text)
    FPU_IRQHandler                           0x0800027f   Thumb Code     0  startup_stm32f446xx.o(.text)
    I2C1_ER_IRQHandler                       0x0800027f   Thumb Code     0  startup_stm32f446xx.o(.text)
    I2C1_EV_IRQHandler                       0x0800027f   Thumb Code     0  startup_stm32f446xx.o(.text)
    I2C2_ER_IRQHandler                       0x0800027f   Thumb Code     0  startup_stm32f446xx.o(.text)
    I2C2_EV_IRQHandler                       0x0800027f   Thumb Code     0  startup_stm32f446xx.o(.text)
    I2C3_ER_IRQHandler                       0x0800027f   Thumb Code     0  startup_stm32f446xx.o(.text)
    I2C3_EV_IRQHandler                       0x0800027f   Thumb Code     0  startup_stm32f446xx.o(.text)
    OTG_FS_IRQHandler                        0x0800027f   Thumb Code     0  startup_stm32f446xx.o(.text)
    OTG_FS_WKUP_IRQHandler                   0x0800027f   Thumb Code     0  startup_stm32f446xx.o(.text)
    OTG_HS_EP1_IN_IRQHandler                 0x0800027f   Thumb Code     0  startup_stm32f446xx.o(.text)
    OTG_HS_EP1_OUT_IRQHandler                0x0800027f   Thumb Code     0  startup_stm32f446xx.o(.text)
    OTG_HS_IRQHandler                        0x0800027f   Thumb Code     0  startup_stm32f446xx.o(.text)
    OTG_HS_WKUP_IRQHandler                   0x0800027f   Thumb Code     0  startup_stm32f446xx.o(.text)
    PVD_IRQHandler                           0x0800027f   Thumb Code     0  startup_stm32f446xx.o(.text)
    QUADSPI_IRQHandler                       0x0800027f   Thumb Code     0  startup_stm32f446xx.o(.text)
    RCC_IRQHandler                           0x0800027f   Thumb Code     0  startup_stm32f446xx.o(.text)
    RTC_Alarm_IRQHandler                     0x0800027f   Thumb Code     0  startup_stm32f446xx.o(.text)
    RTC_WKUP_IRQHandler                      0x0800027f   Thumb Code     0  startup_stm32f446xx.o(.text)
    SAI1_IRQHandler                          0x0800027f   Thumb Code     0  startup_stm32f446xx.o(.text)
    SAI2_IRQHandler                          0x0800027f   Thumb Code     0  startup_stm32f446xx.o(.text)
    SDIO_IRQHandler                          0x0800027f   Thumb Code     0  startup_stm32f446xx.o(.text)
    SPDIF_RX_IRQHandler                      0x0800027f   Thumb Code     0  startup_stm32f446xx.o(.text)
    SPI1_IRQHandler                          0x0800027f   Thumb Code     0  startup_stm32f446xx.o(.text)
    SPI2_IRQHandler                          0x0800027f   Thumb Code     0  startup_stm32f446xx.o(.text)
    SPI3_IRQHandler                          0x0800027f   Thumb Code     0  startup_stm32f446xx.o(.text)
    SPI4_IRQHandler                          0x0800027f   Thumb Code     0  startup_stm32f446xx.o(.text)
    TAMP_STAMP_IRQHandler                    0x0800027f   Thumb Code     0  startup_stm32f446xx.o(.text)
    TIM1_BRK_TIM9_IRQHandler                 0x0800027f   Thumb Code     0  startup_stm32f446xx.o(.text)
    TIM1_CC_IRQHandler                       0x0800027f   Thumb Code     0  startup_stm32f446xx.o(.text)
    TIM1_TRG_COM_TIM11_IRQHandler            0x0800027f   Thumb Code     0  startup_stm32f446xx.o(.text)
    TIM1_UP_TIM10_IRQHandler                 0x0800027f   Thumb Code     0  startup_stm32f446xx.o(.text)
    TIM2_IRQHandler                          0x0800027f   Thumb Code     0  startup_stm32f446xx.o(.text)
    TIM3_IRQHandler                          0x0800027f   Thumb Code     0  startup_stm32f446xx.o(.text)
    TIM4_IRQHandler                          0x0800027f   Thumb Code     0  startup_stm32f446xx.o(.text)
    TIM5_IRQHandler                          0x0800027f   Thumb Code     0  startup_stm32f446xx.o(.text)
    TIM6_DAC_IRQHandler                      0x0800027f   Thumb Code     0  startup_stm32f446xx.o(.text)
    TIM7_IRQHandler                          0x0800027f   Thumb Code     0  startup_stm32f446xx.o(.text)
    TIM8_BRK_TIM12_IRQHandler                0x0800027f   Thumb Code     0  startup_stm32f446xx.o(.text)
    TIM8_CC_IRQHandler                       0x0800027f   Thumb Code     0  startup_stm32f446xx.o(.text)
    TIM8_TRG_COM_TIM14_IRQHandler            0x0800027f   Thumb Code     0  startup_stm32f446xx.o(.text)
    TIM8_UP_TIM13_IRQHandler                 0x0800027f   Thumb Code     0  startup_stm32f446xx.o(.text)
    UART4_IRQHandler                         0x0800027f   Thumb Code     0  startup_stm32f446xx.o(.text)
    UART5_IRQHandler                         0x0800027f   Thumb Code     0  startup_stm32f446xx.o(.text)
    USART1_IRQHandler                        0x0800027f   Thumb Code     0  startup_stm32f446xx.o(.text)
    USART2_IRQHandler                        0x0800027f   Thumb Code     0  startup_stm32f446xx.o(.text)
    USART3_IRQHandler                        0x0800027f   Thumb Code     0  startup_stm32f446xx.o(.text)
    WWDG_IRQHandler                          0x0800027f   Thumb Code     0  startup_stm32f446xx.o(.text)
    __user_initial_stackheap                 0x08000281   Thumb Code     0  startup_stm32f446xx.o(.text)
    __use_two_region_memory                  0x080002a5   Thumb Code     2  heapauxi.o(.text)
    __rt_heap_escrow$2region                 0x080002a7   Thumb Code     2  heapauxi.o(.text)
    __rt_heap_expand$2region                 0x080002a9   Thumb Code     2  heapauxi.o(.text)
    __user_setup_stackheap                   0x080002ab   Thumb Code    74  sys_stackheap_outer.o(.text)
    exit                                     0x080002f5   Thumb Code    18  exit.o(.text)
    __user_libspace                          0x08000309   Thumb Code     8  libspace.o(.text)
    __user_perproc_libspace                  0x08000309   Thumb Code     0  libspace.o(.text)
    __user_perthread_libspace                0x08000309   Thumb Code     0  libspace.o(.text)
    _sys_exit                                0x08000311   Thumb Code     8  sys_exit.o(.text)
    __I$use$semihosting                      0x0800031d   Thumb Code     0  use_no_semi.o(.text)
    __use_no_semihosting_swi                 0x0800031d   Thumb Code     2  use_no_semi.o(.text)
    __semihosting_library_function           0x0800031f   Thumb Code     0  indicate_semi.o(.text)
    SysTick_Handler                          0x08000321   Thumb Code    16  systick.o(.text.SysTick_Handler)
    SystemInit                               0x08000331   Thumb Code    18  system_stm32f4xx.o(.text.SystemInit)
    USART6_IRQHandler                        0x08000345   Thumb Code   116  uart.o(.text.USART6_IRQHandler)
    init                                     0x080003e9   Thumb Code    42  main.o(.text.init)
    main                                     0x08000415   Thumb Code    16  main.o(.text.main)
    send_response                            0x08000425   Thumb Code   262  uart.o(.text.send_response)
    ttl_init                                 0x0800052d   Thumb Code    32  main.o(.text.ttl_init)
    ttl_tx_disable                           0x0800054d   Thumb Code    16  main.o(.text.ttl_tx_disable)
    ttl_tx_enable                            0x0800055d   Thumb Code    16  main.o(.text.ttl_tx_enable)
    uart2_tx_rx_init                         0x0800056d   Thumb Code   104  uart.o(.text.uart2_tx_rx_init)
    uart2_write                              0x080005d5   Thumb Code    46  uart.o(.text.uart2_write)
    uart2_write_int                          0x08000605   Thumb Code   134  uart.o(.text.uart2_write_int)
    uart2_write_str                          0x0800068d   Thumb Code    36  uart.o(.text.uart2_write_str)
    uart6_rx_callback                        0x080006b1   Thumb Code   522  uart.o(.text.uart6_rx_callback)
    uart6_rxne_interrupt_disable             0x080008bd   Thumb Code    18  uart.o(.text.uart6_rxne_interrupt_disable)
    uart6_rxne_interrupt_enable              0x080008d1   Thumb Code    18  uart.o(.text.uart6_rxne_interrupt_enable)
    uart6_tx_rx_init                         0x080008e5   Thumb Code   124  uart.o(.text.uart6_tx_rx_init)
    uart6_write                              0x08000961   Thumb Code    46  uart.o(.text.uart6_write)
    _fp_init                                 0x0800098f   Thumb Code    26  fpinit.o(x$fpl$fpinit)
    __fplib_config_fpu_vfp                   0x080009a7   Thumb Code     0  fpinit.o(x$fpl$fpinit)
    __fplib_config_pureend_doubles           0x080009a7   Thumb Code     0  fpinit.o(x$fpl$fpinit)
    Region$$Table$$Base                      0x080009cc   Number         0  anon$$obj.o(Region$$Table)
    Region$$Table$$Limit                     0x080009ec   Number         0  anon$$obj.o(Region$$Table)
    __libspace_start                         0x20000008   Data          96  libspace.o(.bss)
    __temporary_stack_top$libspace           0x20000068   Data           0  libspace.o(.bss)
    m_ticks                                  0x20000070   Data           4  systick.o(.bss.m_ticks)



==============================================================================

Memory Map of the image

  Image Entry point : 0x08000265

  Load Region LR_1 (Base: 0x08000000, Size: 0x000009f4, Max: 0xffffffff, ABSOLUTE)

    Execution Region ER_RO (Exec base: 0x08000000, Load base: 0x08000000, Size: 0x000009ec, Max: 0xffffffff, ABSOLUTE)

    Exec Addr    Load Addr    Size         Type   Attr      Idx    E Section Name        Object

    0x08000000   0x08000000   0x000001c4   Data   RO          139    RESET               startup_stm32f446xx.o
    0x080001c4   0x080001c4   0x00000008   Code   RO          164  * !!!main             c_w.l(__main.o)
    0x080001cc   0x080001cc   0x00000034   Code   RO          327    !!!scatter          c_w.l(__scatter.o)
    0x08000200   0x08000200   0x0000001a   Code   RO          329    !!handler_copy      c_w.l(__scatter_copy.o)
    0x0800021a   0x0800021a   0x00000002   PAD
    0x0800021c   0x0800021c   0x0000001c   Code   RO          331    !!handler_zi        c_w.l(__scatter_zi.o)
    0x08000238   0x08000238   0x00000002   Code   RO          191    .ARM.Collect$$libinit$$00000000  c_w.l(libinit.o)
    0x0800023a   0x0800023a   0x00000004   Code   RO          197    .ARM.Collect$$libinit$$00000001  c_w.l(libinit2.o)
    0x0800023e   0x0800023e   0x00000000   Code   RO          200    .ARM.Collect$$libinit$$00000004  c_w.l(libinit2.o)
    0x0800023e   0x0800023e   0x00000000   Code   RO          203    .ARM.Collect$$libinit$$0000000A  c_w.l(libinit2.o)
    0x0800023e   0x0800023e   0x00000000   Code   RO          205    .ARM.Collect$$libinit$$0000000C  c_w.l(libinit2.o)
    0x0800023e   0x0800023e   0x00000000   Code   RO          207    .ARM.Collect$$libinit$$0000000E  c_w.l(libinit2.o)
    0x0800023e   0x0800023e   0x00000000   Code   RO          210    .ARM.Collect$$libinit$$00000011  c_w.l(libinit2.o)
    0x0800023e   0x0800023e   0x00000000   Code   RO          212    .ARM.Collect$$libinit$$00000013  c_w.l(libinit2.o)
    0x0800023e   0x0800023e   0x00000000   Code   RO          214    .ARM.Collect$$libinit$$00000015  c_w.l(libinit2.o)
    0x0800023e   0x0800023e   0x00000000   Code   RO          216    .ARM.Collect$$libinit$$00000017  c_w.l(libinit2.o)
    0x0800023e   0x0800023e   0x00000000   Code   RO          218    .ARM.Collect$$libinit$$00000019  c_w.l(libinit2.o)
    0x0800023e   0x0800023e   0x00000000   Code   RO          220    .ARM.Collect$$libinit$$0000001B  c_w.l(libinit2.o)
    0x0800023e   0x0800023e   0x00000000   Code   RO          222    .ARM.Collect$$libinit$$0000001D  c_w.l(libinit2.o)
    0x0800023e   0x0800023e   0x00000000   Code   RO          224    .ARM.Collect$$libinit$$0000001F  c_w.l(libinit2.o)
    0x0800023e   0x0800023e   0x00000000   Code   RO          226    .ARM.Collect$$libinit$$00000021  c_w.l(libinit2.o)
    0x0800023e   0x0800023e   0x00000000   Code   RO          228    .ARM.Collect$$libinit$$00000023  c_w.l(libinit2.o)
    0x0800023e   0x0800023e   0x00000000   Code   RO          230    .ARM.Collect$$libinit$$00000025  c_w.l(libinit2.o)
    0x0800023e   0x0800023e   0x00000000   Code   RO          234    .ARM.Collect$$libinit$$0000002C  c_w.l(libinit2.o)
    0x0800023e   0x0800023e   0x00000000   Code   RO          236    .ARM.Collect$$libinit$$0000002E  c_w.l(libinit2.o)
    0x0800023e   0x0800023e   0x00000000   Code   RO          238    .ARM.Collect$$libinit$$00000030  c_w.l(libinit2.o)
    0x0800023e   0x0800023e   0x00000000   Code   RO          240    .ARM.Collect$$libinit$$00000032  c_w.l(libinit2.o)
    0x0800023e   0x0800023e   0x00000002   Code   RO          241    .ARM.Collect$$libinit$$00000033  c_w.l(libinit2.o)
    0x08000240   0x08000240   0x00000002   Code   RO          263    .ARM.Collect$$libshutdown$$00000000  c_w.l(libshutdown.o)
    0x08000242   0x08000242   0x00000000   Code   RO          278    .ARM.Collect$$libshutdown$$00000002  c_w.l(libshutdown2.o)
    0x08000242   0x08000242   0x00000000   Code   RO          280    .ARM.Collect$$libshutdown$$00000004  c_w.l(libshutdown2.o)
    0x08000242   0x08000242   0x00000000   Code   RO          283    .ARM.Collect$$libshutdown$$00000007  c_w.l(libshutdown2.o)
    0x08000242   0x08000242   0x00000000   Code   RO          286    .ARM.Collect$$libshutdown$$0000000A  c_w.l(libshutdown2.o)
    0x08000242   0x08000242   0x00000000   Code   RO          288    .ARM.Collect$$libshutdown$$0000000C  c_w.l(libshutdown2.o)
    0x08000242   0x08000242   0x00000000   Code   RO          291    .ARM.Collect$$libshutdown$$0000000F  c_w.l(libshutdown2.o)
    0x08000242   0x08000242   0x00000002   Code   RO          292    .ARM.Collect$$libshutdown$$00000010  c_w.l(libshutdown2.o)
    0x08000244   0x08000244   0x00000000   Code   RO          166    .ARM.Collect$$rtentry$$00000000  c_w.l(__rtentry.o)
    0x08000244   0x08000244   0x00000000   Code   RO          168    .ARM.Collect$$rtentry$$00000002  c_w.l(__rtentry2.o)
    0x08000244   0x08000244   0x00000006   Code   RO          180    .ARM.Collect$$rtentry$$00000004  c_w.l(__rtentry4.o)
    0x0800024a   0x0800024a   0x00000000   Code   RO          170    .ARM.Collect$$rtentry$$00000009  c_w.l(__rtentry2.o)
    0x0800024a   0x0800024a   0x00000004   Code   RO          171    .ARM.Collect$$rtentry$$0000000A  c_w.l(__rtentry2.o)
    0x0800024e   0x0800024e   0x00000000   Code   RO          173    .ARM.Collect$$rtentry$$0000000C  c_w.l(__rtentry2.o)
    0x0800024e   0x0800024e   0x00000008   Code   RO          174    .ARM.Collect$$rtentry$$0000000D  c_w.l(__rtentry2.o)
    0x08000256   0x08000256   0x00000002   Code   RO          195    .ARM.Collect$$rtexit$$00000000  c_w.l(rtexit.o)
    0x08000258   0x08000258   0x00000000   Code   RO          243    .ARM.Collect$$rtexit$$00000002  c_w.l(rtexit2.o)
    0x08000258   0x08000258   0x00000004   Code   RO          244    .ARM.Collect$$rtexit$$00000003  c_w.l(rtexit2.o)
    0x0800025c   0x0800025c   0x00000006   Code   RO          245    .ARM.Collect$$rtexit$$00000004  c_w.l(rtexit2.o)
    0x08000262   0x08000262   0x00000002   PAD
    0x08000264   0x08000264   0x00000040   Code   RO          140  * .text               startup_stm32f446xx.o
    0x080002a4   0x080002a4   0x00000006   Code   RO          162    .text               c_w.l(heapauxi.o)
    0x080002aa   0x080002aa   0x0000004a   Code   RO          182    .text               c_w.l(sys_stackheap_outer.o)
    0x080002f4   0x080002f4   0x00000012   Code   RO          184    .text               c_w.l(exit.o)
    0x08000306   0x08000306   0x00000002   PAD
    0x08000308   0x08000308   0x00000008   Code   RO          192    .text               c_w.l(libspace.o)
    0x08000310   0x08000310   0x0000000c   Code   RO          253    .text               c_w.l(sys_exit.o)
    0x0800031c   0x0800031c   0x00000002   Code   RO          268    .text               c_w.l(use_no_semi.o)
    0x0800031e   0x0800031e   0x00000000   Code   RO          270    .text               c_w.l(indicate_semi.o)
    0x0800031e   0x0800031e   0x00000002   PAD
    0x08000320   0x08000320   0x00000010   Code   RO          108    .text.SysTick_Handler  systick.o
    0x08000330   0x08000330   0x00000012   Code   RO          147    .text.SystemInit    system_stm32f4xx.o
    0x08000342   0x08000342   0x00000002   PAD
    0x08000344   0x08000344   0x00000074   Code   RO           62    .text.USART6_IRQHandler  uart.o
    0x080003b8   0x080003b8   0x00000030   Code   RO           58    .text.__NVIC_EnableIRQ  uart.o
    0x080003e8   0x080003e8   0x0000002a   Code   RO           13    .text.init          main.o
    0x08000412   0x08000412   0x00000002   PAD
    0x08000414   0x08000414   0x00000010   Code   RO           11    .text.main          main.o
    0x08000424   0x08000424   0x00000106   Code   RO           40    .text.send_response  uart.o
    0x0800052a   0x0800052a   0x00000002   PAD
    0x0800052c   0x0800052c   0x00000020   Code   RO           15    .text.ttl_init      main.o
    0x0800054c   0x0800054c   0x00000010   Code   RO           17    .text.ttl_tx_disable  main.o
    0x0800055c   0x0800055c   0x00000010   Code   RO           19    .text.ttl_tx_enable  main.o
    0x0800056c   0x0800056c   0x00000068   Code   RO           56    .text.uart2_tx_rx_init  uart.o
    0x080005d4   0x080005d4   0x0000002e   Code   RO           64    .text.uart2_write   uart.o
    0x08000602   0x08000602   0x00000002   PAD
    0x08000604   0x08000604   0x00000086   Code   RO           38    .text.uart2_write_int  uart.o
    0x0800068a   0x0800068a   0x00000002   PAD
    0x0800068c   0x0800068c   0x00000024   Code   RO           36    .text.uart2_write_str  uart.o
    0x080006b0   0x080006b0   0x0000020a   Code   RO           32    .text.uart6_rx_callback  uart.o
    0x080008ba   0x080008ba   0x00000002   PAD
    0x080008bc   0x080008bc   0x00000012   Code   RO           34    .text.uart6_rxne_interrupt_disable  uart.o
    0x080008ce   0x080008ce   0x00000002   PAD
    0x080008d0   0x080008d0   0x00000012   Code   RO           44    .text.uart6_rxne_interrupt_enable  uart.o
    0x080008e2   0x080008e2   0x00000002   PAD
    0x080008e4   0x080008e4   0x0000007c   Code   RO           60    .text.uart6_tx_rx_init  uart.o
    0x08000960   0x08000960   0x0000002e   Code   RO           42    .text.uart6_write   uart.o
    0x0800098e   0x0800098e   0x0000001a   Code   RO          251    x$fpl$fpinit        fz_wm.l(fpinit.o)
    0x080009a8   0x080009a8   0x00000024   Data   RO           90    .rodata.str1.1      uart.o
    0x080009cc   0x080009cc   0x00000020   Data   RO          326    Region$$Table       anon$$obj.o


    Execution Region ER_RW (Exec base: 0x20000000, Load base: 0x080009ec, Size: 0x00000008, Max: 0xffffffff, ABSOLUTE)

    Exec Addr    Load Addr    Size         Type   Attr      Idx    E Section Name        Object

    0x20000000   0x080009ec   0x00000004   Data   RW           88    .data.ptr           uart.o
    0x20000004   0x080009f0   0x00000004   Data   RW           92    .data.ptr2          uart.o


    Execution Region ER_ZI (Exec base: 0x20000008, Load base: 0x080009f4, Size: 0x00000750, Max: 0xffffffff, ABSOLUTE)

    Exec Addr    Load Addr    Size         Type   Attr      Idx    E Section Name        Object

    0x20000008        -       0x00000060   Zero   RW          193    .bss                c_w.l(libspace.o)
    0x20000068        -       0x00000004   Zero   RW           87    .bss.cnt            uart.o
    0x2000006c        -       0x00000004   Zero   RW           96    .bss.error_byte_cnt  uart.o
    0x20000070        -       0x00000004   Zero   RW          116    .bss.m_ticks        systick.o
    0x20000074        -       0x0000006e   Zero   RW           89    .bss.packet         uart.o
    0x200000e2        -       0x0000006e   Zero   RW           91    .bss.packet2        uart.o
    0x20000150        -       0x00000001   Zero   RW           86    .bss.rx_tmp         uart.o
    0x20000151   0x080009f4   0x00000007   PAD
    0x20000158        -       0x00000200   Zero   RW          138    HEAP                startup_stm32f446xx.o
    0x20000358        -       0x00000400   Zero   RW          137    STACK               startup_stm32f446xx.o


==============================================================================

Image component sizes


      Code (inc. data)   RO Data    RW Data    ZI Data      Debug   Object Name

       122          0          0          0          0       2375   main.o
        64         26        452          0       1536        872   startup_stm32f446xx.o
        18          0          0          0          0       2716   system_stm32f4xx.o
        16          0          0          0          4       4589   systick.o
      1474          0         36          8        229       8807   uart.o

    ----------------------------------------------------------------------
      1710         26        520          8       1776      19359   Object Totals
         0          0         32          0          0          0   (incl. Generated)
        16          0          0          0          7          0   (incl. Padding)

    ----------------------------------------------------------------------

      Code (inc. data)   RO Data    RW Data    ZI Data      Debug   Library Member Name

         8          0          0          0          0         68   __main.o
         0          0          0          0          0          0   __rtentry.o
        12          0          0          0          0          0   __rtentry2.o
         6          0          0          0          0          0   __rtentry4.o
        52          8          0          0          0          0   __scatter.o
        26          0          0          0          0          0   __scatter_copy.o
        28          0          0          0          0          0   __scatter_zi.o
        18          0          0          0          0         80   exit.o
         6          0          0          0          0        152   heapauxi.o
         0          0          0          0          0          0   indicate_semi.o
         2          0          0          0          0          0   libinit.o
         6          0          0          0          0          0   libinit2.o
         2          0          0          0          0          0   libshutdown.o
         2          0          0          0          0          0   libshutdown2.o
         8          4          0          0         96         68   libspace.o
         2          0          0          0          0          0   rtexit.o
        10          0          0          0          0          0   rtexit2.o
        12          4          0          0          0         68   sys_exit.o
        74          0          0          0          0         80   sys_stackheap_outer.o
         2          0          0          0          0         68   use_no_semi.o
        26          0          0          0          0        116   fpinit.o

    ----------------------------------------------------------------------
       310         16          0          0         96        700   Library Totals
         8          0          0          0          0          0   (incl. Padding)

    ----------------------------------------------------------------------

      Code (inc. data)   RO Data    RW Data    ZI Data      Debug   Library Name

       276         16          0          0         96        584   c_w.l
        26          0          0          0          0        116   fz_wm.l

    ----------------------------------------------------------------------
       310         16          0          0         96        700   Library Totals

    ----------------------------------------------------------------------

==============================================================================


      Code (inc. data)   RO Data    RW Data    ZI Data      Debug   

      2020         42        520          8       1872      19843   Grand Totals
      2020         42        520          8       1872      19843   ELF Image Totals
      2020         42        520          8          0          0   ROM Totals

==============================================================================

    Total RO  Size (Code + RO Data)                 2540 (   2.48kB)
    Total RW  Size (RW Data + ZI Data)              1880 (   1.84kB)
    Total ROM Size (Code + RO Data + RW Data)       2548 (   2.49kB)

==============================================================================

